ARM Linker, 5.03 [Build 76] [MDK-ARM Professional]

==============================================================================

Section Cross References

    main.o(.text) refers to delay.o(.text) for delay_init
    main.o(.text) refers to sys.o(.text) for NVIC_Configuration
    main.o(.text) refers to usart.o(.text) for uart_init
    main.o(.text) refers to lcd1602.o(.text) for LCD_Init
    main.o(.text) refers to ds3231.o(.text) for DS3231_Init
    main.o(.text) refers to usmart_config.o(.data) for usmart_dev
    main.o(.text) refers to ds3231.o(.data) for calendar
    system_stm32f10x.o(.text) refers to system_stm32f10x.o(.data) for SystemCoreClock
    lcd1602.o(.text) refers to stm32f10x_rcc.o(.text) for RCC_APB2PeriphClockCmd
    lcd1602.o(.text) refers to stm32f10x_gpio.o(.text) for GPIO_Init
    lcd1602.o(.text) refers to delay.o(.text) for delay_us
    lcd1602.o(.text) refers to dflt_clz.o(x$fpl$dfltu) for __aeabi_ui2d
    lcd1602.o(.text) refers to dmul.o(x$fpl$dmul) for __aeabi_dmul
    lcd1602.o(.text) refers to dfix.o(x$fpl$dfix) for __aeabi_d2iz
    lcd1602.o(.text) refers to lcd1602.o(.data) for table
    ds3231.o(.text) refers to iic.o(.text) for IIC_Start
    ds3231.o(.text) refers to delay.o(.text) for delay_us
    ds3231.o(.text) refers to ds3231.o(.data) for calendar
    iic.o(.text) refers to stm32f10x_rcc.o(.text) for RCC_APB2PeriphClockCmd
    iic.o(.text) refers to stm32f10x_gpio.o(.text) for GPIO_Init
    iic.o(.text) refers to iic.o(.data) for FRAM_ADDRESS
    sys.o(.text) refers to misc.o(.text) for NVIC_PriorityGroupConfig
    delay.o(.text) refers to misc.o(.text) for SysTick_CLKSourceConfig
    delay.o(.text) refers to system_stm32f10x.o(.data) for SystemCoreClock
    delay.o(.text) refers to delay.o(.data) for fac_us
    usart.o(.text) refers (Special) to use_no_semi_2.o(.text) for __use_no_semihosting
    usart.o(.text) refers to stm32f10x_rcc.o(.text) for RCC_APB2PeriphClockCmd
    usart.o(.text) refers to stm32f10x_usart.o(.text) for USART_DeInit
    usart.o(.text) refers to stm32f10x_gpio.o(.text) for GPIO_Init
    usart.o(.text) refers to misc.o(.text) for NVIC_Init
    usart.o(.text) refers to usart.o(.data) for USART_RX_STA
    usart.o(.text) refers to usart.o(.bss) for USART_RX_BUF
    usart.o(.bss) refers (Special) to use_no_semi_2.o(.text) for __use_no_semihosting
    usart.o(.data) refers (Special) to use_no_semi_2.o(.text) for __use_no_semihosting
    startup_stm32f10x_hd.o(STACK) refers (Special) to heapauxi.o(.text) for __use_two_region_memory
    startup_stm32f10x_hd.o(HEAP) refers (Special) to heapauxi.o(.text) for __use_two_region_memory
    startup_stm32f10x_hd.o(RESET) refers (Special) to heapauxi.o(.text) for __use_two_region_memory
    startup_stm32f10x_hd.o(RESET) refers to startup_stm32f10x_hd.o(STACK) for __initial_sp
    startup_stm32f10x_hd.o(RESET) refers to startup_stm32f10x_hd.o(.text) for Reset_Handler
    startup_stm32f10x_hd.o(RESET) refers to stm32f10x_it.o(.text) for NMI_Handler
    startup_stm32f10x_hd.o(RESET) refers to usmart.o(.text) for TIM2_IRQHandler
    startup_stm32f10x_hd.o(RESET) refers to usart.o(.text) for USART1_IRQHandler
    startup_stm32f10x_hd.o(.text) refers (Special) to heapauxi.o(.text) for __use_two_region_memory
    startup_stm32f10x_hd.o(.text) refers to system_stm32f10x.o(.text) for SystemInit
    startup_stm32f10x_hd.o(.text) refers to __main.o(!!!main) for __main
    startup_stm32f10x_hd.o(.text) refers to startup_stm32f10x_hd.o(HEAP) for Heap_Mem
    startup_stm32f10x_hd.o(.text) refers to startup_stm32f10x_hd.o(STACK) for Stack_Mem
    stm32f10x_adc.o(.text) refers to stm32f10x_rcc.o(.text) for RCC_APB2PeriphResetCmd
    stm32f10x_bkp.o(.text) refers to stm32f10x_rcc.o(.text) for RCC_BackupResetCmd
    stm32f10x_can.o(.text) refers to stm32f10x_rcc.o(.text) for RCC_APB1PeriphResetCmd
    stm32f10x_cec.o(.text) refers to stm32f10x_rcc.o(.text) for RCC_APB1PeriphResetCmd
    stm32f10x_dac.o(.text) refers to stm32f10x_rcc.o(.text) for RCC_APB1PeriphResetCmd
    stm32f10x_gpio.o(.text) refers to stm32f10x_rcc.o(.text) for RCC_APB2PeriphResetCmd
    stm32f10x_i2c.o(.text) refers to stm32f10x_rcc.o(.text) for RCC_APB1PeriphResetCmd
    stm32f10x_pwr.o(.text) refers to stm32f10x_rcc.o(.text) for RCC_APB1PeriphResetCmd
    stm32f10x_rcc.o(.text) refers to stm32f10x_rcc.o(.data) for APBAHBPrescTable
    stm32f10x_spi.o(.text) refers to stm32f10x_rcc.o(.text) for RCC_APB2PeriphResetCmd
    stm32f10x_tim.o(.text) refers to stm32f10x_rcc.o(.text) for RCC_APB2PeriphResetCmd
    stm32f10x_usart.o(.text) refers to stm32f10x_rcc.o(.text) for RCC_APB2PeriphResetCmd
    stm32f10x_wwdg.o(.text) refers to stm32f10x_rcc.o(.text) for RCC_APB1PeriphResetCmd
    usmart.o(.text) refers to _printf_percent.o(.ARM.Collect$$_printf_percent$$00000000) for _printf_percent
    usmart.o(.text) refers to _printf_s.o(.ARM.Collect$$_printf_percent$$00000014) for _printf_s
    usmart.o(.text) refers to _printf_str.o(.text) for _printf_str
[...]
    defsig_exit.o(.text) refers to usart.o(.text) for _sys_exit
    defsig_rtmem_inner.o(.text) refers to defsig_general.o(.text) for __default_signal_display
    __raise.o(.text) refers to defsig.o(CL$$defsig) for __default_signal_handler
    defsig_general.o(.text) refers to sys_wrch.o(.text) for _ttywrch
    sys_wrch.o(.text) refers (Special) to use_no_semi.o(.text) for __I$use$semihosting
    sys_wrch.o(.text) refers (Special) to indicate_semi.o(.text) for __semihosting_library_function
    defsig.o(CL$$defsig) refers to defsig_rtmem_inner.o(.text) for __rt_SIGRTMEM_inner
    defsig_abrt_inner.o(.text) refers to defsig_general.o(.text) for __default_signal_display
    defsig_fpe_inner.o(.text) refers to defsig_general.o(.text) for __default_signal_display
    defsig_rtred_inner.o(.text) refers to defsig_general.o(.text) for __default_signal_display
    defsig_stak_inner.o(.text) refers to defsig_general.o(.text) for __default_signal_display
    defsig_pvfn_inner.o(.text) refers to defsig_general.o(.text) for __default_signal_display
    defsig_cppl_inner.o(.text) refers to defsig_general.o(.text) for __default_signal_display
    defsig_segv_inner.o(.text) refers to defsig_general.o(.text) for __default_signal_display
    defsig_other.o(.text) refers to defsig_general.o(.text) for __default_signal_display


==============================================================================

Removing Unused input sections from the image.

    Removing core_cm3.o(.emb_text), (32 bytes).
    Removing stm32f10x_adc.o(.text), (1102 bytes).
    Removing stm32f10x_bkp.o(.text), (196 bytes).
    Removing stm32f10x_can.o(.text), (2540 bytes).
    Removing stm32f10x_cec.o(.text), (288 bytes).
    Removing stm32f10x_crc.o(.text), (72 bytes).
    Removing stm32f10x_dac.o(.text), (396 bytes).
    Removing stm32f10x_dbgmcu.o(.text), (48 bytes).
    Removing stm32f10x_dma.o(.text), (592 bytes).
    Removing stm32f10x_exti.o(.text), (284 bytes).
    Removing stm32f10x_flash.o(.text), (1468 bytes).
    Removing stm32f10x_fsmc.o(.text), (1560 bytes).
    Removing stm32f10x_i2c.o(.text), (1028 bytes).
    Removing stm32f10x_iwdg.o(.text), (64 bytes).
    Removing stm32f10x_pwr.o(.text), (204 bytes).
    Removing stm32f10x_rtc.o(.text), (324 bytes).
    Removing stm32f10x_sdio.o(.text), (472 bytes).
    Removing stm32f10x_spi.o(.text), (780 bytes).
    Removing stm32f10x_wwdg.o(.text), (136 bytes).

19 unused section(s) (total 11586 bytes) removed from the image.

==============================================================================

Image Symbol Table

    Local Symbols

    Symbol Name                              Value     Ov Type        Size  Object(Section)

    ../clib/angel/boardlib.s                 0x00000000   Number         0  boardinit1.o ABSOLUTE
    ../clib/angel/boardlib.s                 0x00000000   Number         0  boardinit2.o ABSOLUTE
    ../clib/angel/boardlib.s                 0x00000000   Number         0  boardinit3.o ABSOLUTE
    ../clib/angel/boardlib.s                 0x00000000   Number         0  boardshut.o ABSOLUTE
    ../clib/angel/dczerorl2.s                0x00000000   Number         0  __dczerorl2.o ABSOLUTE
    ../clib/angel/handlers.s                 0x00000000   Number         0  __scatter_zi.o ABSOLUTE
    ../clib/angel/kernel.s                   0x00000000   Number         0  rtexit.o ABSOLUTE
    ../clib/angel/kernel.s                   0x00000000   Number         0  rtexit2.o ABSOLUTE
    ../clib/angel/kernel.s                   0x00000000   Number         0  rtentry2.o ABSOLUTE
    ../clib/angel/kernel.s                   0x00000000   Number         0  rtentry4.o ABSOLUTE
    ../clib/angel/kernel.s                   0x00000000   Number         0  rtentry.o ABSOLUTE
    ../clib/angel/rt.s                       0x00000000   Number         0  rt_raise.o ABSOLUTE
    ../clib/angel/scatter.s                  0x00000000   Number         0  __scatter.o ABSOLUTE
    ../clib/angel/startup.s                  0x00000000   Number         0  __main.o ABSOLUTE
    ../clib/angel/sys.s                      0x00000000   Number         0  libspace.o ABSOLUTE
    ../clib/angel/sys.s                      0x00000000   Number         0  sys_stackheap_outer.o ABSOLUTE
    ../clib/angel/sys.s                      0x00000000   Number         0  indicate_semi.o ABSOLUTE
    ../clib/angel/sys.s                      0x00000000   Number         0  use_no_semi_2.o ABSOLUTE
    ../clib/angel/sys.s                      0x00000000   Number         0  use_no_semi.o ABSOLUTE
    ../clib/angel/sysapp.c                   0x00000000   Number         0  sys_command.o ABSOLUTE
    ../clib/angel/sysapp.c                   0x00000000   Number         0  sys_wrch.o ABSOLUTE
    ../clib/armsys.c                         0x00000000   Number         0  no_argv.o ABSOLUTE
    ../clib/armsys.c                         0x00000000   Number         0  argv_veneer.o ABSOLUTE
    ../clib/armsys.c                         0x00000000   Number         0  argv_veneer.o ABSOLUTE
    ../clib/armsys.c                         0x00000000   Number         0  _get_argv_nomalloc.o ABSOLUTE
    ../clib/heapalloc.c                      0x00000000   Number         0  hrguard.o ABSOLUTE
    ../clib/heapaux.c                        0x00000000   Number         0  heapauxi.o ABSOLUTE
    ../clib/libinit.s                        0x00000000   Number         0  libshutdown2.o ABSOLUTE
    ../clib/libinit.s                        0x00000000   Number         0  libshutdown.o ABSOLUTE
    ../clib/libinit.s                        0x00000000   Number         0  libinit.o ABSOLUTE
    ../clib/libinit.s                        0x00000000   Number         0  libinit2.o ABSOLUTE
    ../clib/misc.s                           0x00000000   Number         0  printf_stubs.o ABSOLUTE
    ../clib/printf.c                         0x00000000   Number         0  _printf_char_common.o ABSOLUTE
    ../clib/printf.c                         0x00000000   Number         0  _printf_intcommon.o ABSOLUTE
    ../clib/printf.c                         0x00000000   Number         0  __printf_nopercent.o ABSOLUTE
    ../clib/printf.c                         0x00000000   Number         0  _printf_pad.o ABSOLUTE
    ../clib/printf.c                         0x00000000   Number         0  __printf.o ABSOLUTE
    ../clib/printf.c                         0x00000000   Number         0  noretval__2printf.o ABSOLUTE
    ../clib/printf.c                         0x00000000   Number         0  __2printf.o ABSOLUTE
    ../clib/printf.c                         0x00000000   Number         0  _printf_char.o ABSOLUTE
    ../clib/printf.c                         0x00000000   Number         0  _printf_hex_int_ll_ptr.o ABSOLUTE
    ../clib/printf.c                         0x00000000   Number         0  _printf_char_file.o ABSOLUTE
    ../clib/printf.c                         0x00000000   Number         0  _printf_hex_int.o ABSOLUTE
    ../clib/printf.c                         0x00000000   Number         0  _printf_hex_ll.o ABSOLUTE
    ../clib/printf.c                         0x00000000   Number         0  _printf_hex_int_ll.o ABSOLUTE
    ../clib/printf.c                         0x00000000   Number         0  _printf_hex_ptr.o ABSOLUTE
    ../clib/printf.c                         0x00000000   Number         0  _printf_hex_int_ptr.o ABSOLUTE
    ../clib/printf.c                         0x00000000   Number         0  _printf_hex_ll_ptr.o ABSOLUTE
    ../clib/printf.c                         0x00000000   Number         0  __printf_flags.o ABSOLUTE
    ../clib/printf.c                         0x00000000   Number         0  __printf_ss.o ABSOLUTE
    ../clib/printf.c                         0x00000000   Number         0  __printf_flags_ss.o ABSOLUTE
    ../clib/printf.c                         0x00000000   Number         0  __printf_wp.o ABSOLUTE
    ../clib/printf.c                         0x00000000   Number         0  _printf_dec.o ABSOLUTE
    ../clib/printf.c                         0x00000000   Number         0  __printf_flags_wp.o ABSOLUTE
    ../clib/printf.c                         0x00000000   Number         0  __printf_ss_wp.o ABSOLUTE
    ../clib/printf.c                         0x00000000   Number         0  __printf_flags_ss_wp.o ABSOLUTE
    ../clib/printf.c                         0x00000000   Number         0  _printf_str.o ABSOLUTE
    ../clib/printf_percent.s                 0x00000000   Number         0  _printf_x.o ABSOLUTE
    ../clib/printf_percent.s                 0x00000000   Number         0  _printf_percent_end.o ABSOLUTE
    ../clib/printf_percent.s                 0x00000000   Number         0  _printf_u.o ABSOLUTE
    ../clib/printf_percent.s                 0x00000000   Number         0  _printf_percent.o ABSOLUTE
    ../clib/printf_percent.s                 0x00000000   Number         0  _printf_c.o ABSOLUTE
    ../clib/printf_percent.s                 0x00000000   Number         0  _printf_d.o ABSOLUTE
    ../clib/printf_percent.s                 0x00000000   Number         0  _printf_s.o ABSOLUTE
    ../clib/signal.c                         0x00000000   Number         0  defsig_cppl_inner.o ABSOLUTE
    ../clib/signal.c                         0x00000000   Number         0  defsig_pvfn_inner.o ABSOLUTE
    ../clib/signal.c                         0x00000000   Number         0  defsig_stak_inner.o ABSOLUTE
    ../clib/signal.c                         0x00000000   Number         0  defsig_fpe_inner.o ABSOLUTE
    ../clib/signal.c                         0x00000000   Number         0  defsig_abrt_inner.o ABSOLUTE
    ../clib/signal.c                         0x00000000   Number         0  defsig_general.o ABSOLUTE
    ../clib/signal.c                         0x00000000   Number         0  __raise.o ABSOLUTE
    ../clib/signal.c                         0x00000000   Number         0  defsig_rtmem_inner.o ABSOLUTE
    ../clib/signal.c                         0x00000000   Number         0  defsig_exit.o ABSOLUTE
    ../clib/signal.c                         0x00000000   Number         0  defsig_rtmem_formal.o ABSOLUTE
    ../clib/signal.c                         0x00000000   Number         0  defsig_rtmem_outer.o ABSOLUTE
    ../clib/signal.c                         0x00000000   Number         0  defsig_rtred_inner.o ABSOLUTE
    ../clib/signal.c                         0x00000000   Number         0  defsig_other.o ABSOLUTE
    ../clib/signal.c                         0x00000000   Number         0  defsig_segv_inner.o ABSOLUTE
    ../clib/signal.s                         0x00000000   Number         0  defsig.o ABSOLUTE
    ../clib/stdio.c                          0x00000000   Number         0  ferror_locked.o ABSOLUTE
    ../clib/stdio.c                          0x00000000   Number         0  ferror.o ABSOLUTE
    ../clib/stdlib.c                         0x00000000   Number         0  exit.o ABSOLUTE
    ../fplib/dfix.s                          0x00000000   Number         0  dfix.o ABSOLUTE
    ../fplib/dflt.s                          0x00000000   Number         0  dflt_clz.o ABSOLUTE
    ../fplib/dmul.s                          0x00000000   Number         0  dmul.o ABSOLUTE
    ../fplib/dnaninf.s                       0x00000000   Number         0  dnaninf.o ABSOLUTE
    ../fplib/dretinf.s                       0x00000000   Number         0  dretinf.o ABSOLUTE
    ../fplib/fpinit.s                        0x00000000   Number         0  fpinit.o ABSOLUTE
    ../fplib/usenofp.s                       0x00000000   Number         0  usenofp.o ABSOLUTE
    ..\CORE\core_cm3.c                       0x00000000   Number         0  core_cm3.o ABSOLUTE
    ..\CORE\startup_stm32f10x_hd.s           0x00000000   Number         0  startup_stm32f10x_hd.o ABSOLUTE
    ..\Drivers\DS3231\DS3231.c               0x00000000   Number         0  ds3231.o ABSOLUTE
    ..\Drivers\DS3231\iic.c                  0x00000000   Number         0  iic.o ABSOLUTE
    ..\Drivers\LCD1602\LCD1602.c             0x00000000   Number         0  lcd1602.o ABSOLUTE
    ..\STM32F10x_FWLib\src\misc.c            0x00000000   Number         0  misc.o ABSOLUTE
    ..\STM32F10x_FWLib\src\stm32f10x_adc.c   0x00000000   Number         0  stm32f10x_adc.o ABSOLUTE
    ..\STM32F10x_FWLib\src\stm32f10x_bkp.c   0x00000000   Number         0  stm32f10x_bkp.o ABSOLUTE
    ..\STM32F10x_FWLib\src\stm32f10x_can.c   0x00000000   Number         0  stm32f10x_can.o ABSOLUTE
    ..\STM32F10x_FWLib\src\stm32f10x_cec.c   0x00000000   Number         0  stm32f10x_cec.o ABSOLUTE
    ..\STM32F10x_FWLib\src\stm32f10x_crc.c   0x00000000   Number         0  stm32f10x_crc.o ABSOLUTE
    ..\STM32F10x_FWLib\src\stm32f10x_dac.c   0x00000000   Number         0  stm32f10x_dac.o ABSOLUTE
    ..\STM32F10x_FWLib\src\stm32f10x_dbgmcu.c 0x00000000   Number         0  stm32f10x_dbgmcu.o ABSOLUTE
    ..\STM32F10x_FWLib\src\stm32f10x_dma.c   0x00000000   Number         0  stm32f10x_dma.o ABSOLUTE
    ..\STM32F10x_FWLib\src\stm32f10x_exti.c  0x00000000   Number         0  stm32f10x_exti.o ABSOLUTE
    ..\STM32F10x_FWLib\src\stm32f10x_flash.c 0x00000000   Number         0  stm32f10x_flash.o ABSOLUTE
    ..\STM32F10x_FWLib\src\stm32f10x_fsmc.c  0x00000000   Number         0  stm32f10x_fsmc.o ABSOLUTE
    ..\STM32F10x_FWLib\src\stm32f10x_gpio.c  0x00000000   Number         0  stm32f10x_gpio.o ABSOLUTE
    ..\STM32F10x_FWLib\src\stm32f10x_i2c.c   0x00000000   Number         0  stm32f10x_i2c.o ABSOLUTE
    ..\STM32F10x_FWLib\src\stm32f10x_iwdg.c  0x00000000   Number         0  stm32f10x_iwdg.o ABSOLUTE
    ..\STM32F10x_FWLib\src\stm32f10x_pwr.c   0x00000000   Number         0  stm32f10x_pwr.o ABSOLUTE
    ..\STM32F10x_FWLib\src\stm32f10x_rcc.c   0x00000000   Number         0  stm32f10x_rcc.o ABSOLUTE
    ..\STM32F10x_FWLib\src\stm32f10x_rtc.c   0x00000000   Number         0  stm32f10x_rtc.o ABSOLUTE
    ..\STM32F10x_FWLib\src\stm32f10x_sdio.c  0x00000000   Number         0  stm32f10x_sdio.o ABSOLUTE
    ..\STM32F10x_FWLib\src\stm32f10x_spi.c   0x00000000   Number         0  stm32f10x_spi.o ABSOLUTE
    ..\STM32F10x_FWLib\src\stm32f10x_tim.c   0x00000000   Number         0  stm32f10x_tim.o ABSOLUTE
    ..\STM32F10x_FWLib\src\stm32f10x_usart.c 0x00000000   Number         0  stm32f10x_usart.o ABSOLUTE
    ..\STM32F10x_FWLib\src\stm32f10x_wwdg.c  0x00000000   Number         0  stm32f10x_wwdg.o ABSOLUTE
    ..\SYSTEM\delay\delay.c                  0x00000000   Number         0  delay.o ABSOLUTE
    ..\SYSTEM\sys\sys.c                      0x00000000   Number         0  sys.o ABSOLUTE
    ..\SYSTEM\usart\usart.c                  0x00000000   Number         0  usart.o ABSOLUTE
    ..\USMART\usmart.c                       0x00000000   Number         0  usmart.o ABSOLUTE
    ..\USMART\usmart_config.c                0x00000000   Number         0  usmart_config.o ABSOLUTE
    ..\USMART\usmart_str.c                   0x00000000   Number         0  usmart_str.o ABSOLUTE
    ..\User\main.c                           0x00000000   Number         0  main.o ABSOLUTE
    ..\User\stm32f10x_it.c                   0x00000000   Number         0  stm32f10x_it.o ABSOLUTE
    ..\User\system_stm32f10x.c               0x00000000   Number         0  system_stm32f10x.o ABSOLUTE
    ..\\CORE\\core_cm3.c                     0x00000000   Number         0  core_cm3.o ABSOLUTE
    dc.s                                     0x00000000   Number         0  dc.o ABSOLUTE
    RESET                                    0x08000000   Section      304  startup_stm32f10x_hd.o(RESET)
    !!!main                                  0x08000130   Section        8  __main.o(!!!main)
    !!!scatter                               0x08000138   Section       52  __scatter.o(!!!scatter)
    !!dczerorl2                              0x0800016c   Section       90  __dczerorl2.o(!!dczerorl2)
    !!handler_zi                             0x080001c8   Section       28  __scatter_zi.o(!!handler_zi)
    .ARM.Collect$$_printf_percent$$00000000  0x080001e4   Section        0  _printf_percent.o(.ARM.Collect$$_printf_percent$$00000000)
    .ARM.Collect$$_printf_percent$$00000009  0x080001e4   Section        6  _printf_d.o(.ARM.Collect$$_printf_percent$$00000009)
    .ARM.Collect$$_printf_percent$$0000000A  0x080001ea   Section        6  _printf_u.o(.ARM.Collect$$_printf_percent$$0000000A)
    .ARM.Collect$$_printf_percent$$0000000C  0x080001f0   Section        6  _printf_x.o(.ARM.Collect$$_printf_percent$$0000000C)
    .ARM.Collect$$_printf_percent$$00000013  0x080001f6   Section        6  _printf_c.o(.ARM.Collect$$_printf_percent$$00000013)
    .ARM.Collect$$_printf_percent$$00000014  0x080001fc   Section        6  _printf_s.o(.ARM.Collect$$_printf_percent$$00000014)
    .ARM.Collect$$_printf_percent$$00000017  0x08000202   Section        4  _printf_percent_end.o(.ARM.Collect$$_printf_percent$$00000017)
    .ARM.Collect$$libinit$$00000000          0x08000206   Section        2  libinit.o(.ARM.Collect$$libinit$$00000000)
    .ARM.Collect$$libinit$$00000002          0x08000208   Section        0  libinit2.o(.ARM.Collect$$libinit$$00000002)
    .ARM.Collect$$libinit$$00000008          0x08000208   Section        0  libinit2.o(.ARM.Collect$$libinit$$00000008)
    .ARM.Collect$$libinit$$0000000A          0x08000208   Section        0  libinit2.o(.ARM.Collect$$libinit$$0000000A)
    .ARM.Collect$$libinit$$0000000C          0x08000208   Section        0  libinit2.o(.ARM.Collect$$libinit$$0000000C)
    .ARM.Collect$$libinit$$0000000F          0x08000208   Section        0  libinit2.o(.ARM.Collect$$libinit$$0000000F)
    .ARM.Collect$$libinit$$00000011          0x08000208   Section        0  libinit2.o(.ARM.Collect$$libinit$$00000011)
    .ARM.Collect$$libinit$$00000013          0x08000208   Section        0  libinit2.o(.ARM.Collect$$libinit$$00000013)
    .ARM.Collect$$libinit$$00000015          0x08000208   Section        0  libinit2.o(.ARM.Collect$$libinit$$00000015)
    .ARM.Collect$$libinit$$00000017          0x08000208   Section        0  libinit2.o(.ARM.Collect$$libinit$$00000017)
    .ARM.Collect$$libinit$$00000019          0x08000208   Section        0  libinit2.o(.ARM.Collect$$libinit$$00000019)
    .ARM.Collect$$libinit$$0000001B          0x08000208   Section        0  libinit2.o(.ARM.Collect$$libinit$$0000001B)
    .ARM.Collect$$libinit$$0000001D          0x08000208   Section        0  libinit2.o(.ARM.Collect$$libinit$$0000001D)
    .ARM.Collect$$libinit$$0000001F          0x08000208   Section        0  libinit2.o(.ARM.Collect$$libinit$$0000001F)
    .ARM.Collect$$libinit$$00000021          0x08000208   Section        0  libinit2.o(.ARM.Collect$$libinit$$00000021)
    .ARM.Collect$$libinit$$00000023          0x08000208   Section        0  libinit2.o(.ARM.Collect$$libinit$$00000023)
    .ARM.Collect$$libinit$$0000002A          0x08000208   Section        0  libinit2.o(.ARM.Collect$$libinit$$0000002A)
    .ARM.Collect$$libinit$$0000002C          0x08000208   Section        0  libinit2.o(.ARM.Collect$$libinit$$0000002C)
    .ARM.Collect$$libinit$$0000002E          0x08000208   Section        0  libinit2.o(.ARM.Collect$$libinit$$0000002E)
    .ARM.Collect$$libinit$$00000030          0x08000208   Section        0  libinit2.o(.ARM.Collect$$libinit$$00000030)
    .ARM.Collect$$libinit$$00000031          0x08000208   Section        2  libinit2.o(.ARM.Collect$$libinit$$00000031)
    .ARM.Collect$$libshutdown$$00000000      0x0800020a   Section        2  libshutdown.o(.ARM.Collect$$libshutdown$$00000000)
    .ARM.Collect$$libshutdown$$00000003      0x0800020c   Section        0  libshutdown2.o(.ARM.Collect$$libshutdown$$00000003)
    .ARM.Collect$$libshutdown$$00000006      0x0800020c   Section        0  libshutdown2.o(.ARM.Collect$$libshutdown$$00000006)
    .ARM.Collect$$libshutdown$$00000009      0x0800020c   Section        0  libshutdown2.o(.ARM.Collect$$libshutdown$$00000009)
    .ARM.Collect$$libshutdown$$0000000B      0x0800020c   Section        0  libshutdown2.o(.ARM.Collect$$libshutdown$$0000000B)
    .ARM.Collect$$libshutdown$$0000000E      0x0800020c   Section        0  libshutdown2.o(.ARM.Collect$$libshutdown$$0000000E)
    .ARM.Collect$$libshutdown$$0000000F      0x0800020c   Section        2  libshutdown2.o(.ARM.Collect$$libshutdown$$0000000F)
    .ARM.Collect$$rtentry$$00000000          0x0800020e   Section        0  rtentry.o(.ARM.Collect$$rtentry$$00000000)
    .ARM.Collect$$rtentry$$00000002          0x0800020e   Section        0  rtentry2.o(.ARM.Collect$$rtentry$$00000002)
    .ARM.Collect$$rtentry$$00000004          0x0800020e   Section        6  rtentry4.o(.ARM.Collect$$rtentry$$00000004)
    .ARM.Collect$$rtentry$$00000009          0x08000214   Section        0  rtentry2.o(.ARM.Collect$$rtentry$$00000009)
    .ARM.Collect$$rtentry$$0000000A          0x08000214   Section        4  rtentry2.o(.ARM.Collect$$rtentry$$0000000A)
    .ARM.Collect$$rtentry$$0000000C          0x08000218   Section        0  rtentry2.o(.ARM.Collect$$rtentry$$0000000C)
    .ARM.Collect$$rtentry$$0000000D          0x08000218   Section        8  rtentry2.o(.ARM.Collect$$rtentry$$0000000D)
    .ARM.Collect$$rtexit$$00000000           0x08000220   Section        2  rtexit.o(.ARM.Collect$$rtexit$$00000000)
    .ARM.Collect$$rtexit$$00000002           0x08000222   Section        0  rtexit2.o(.ARM.Collect$$rtexit$$00000002)
    .ARM.Collect$$rtexit$$00000003           0x08000222   Section        4  rtexit2.o(.ARM.Collect$$rtexit$$00000003)
    .ARM.Collect$$rtexit$$00000004           0x08000226   Section        6  rtexit2.o(.ARM.Collect$$rtexit$$00000004)
    .text                                    0x0800022c   Section        0  main.o(.text)
    .text                                    0x0800029c   Section        0  stm32f10x_it.o(.text)
    .text                                    0x080002b8   Section        0  system_stm32f10x.o(.text)
    SetSysClockTo72                          0x080002b9   Thumb Code   212  system_stm32f10x.o(.text)
    SetSysClock                              0x0800038d   Thumb Code     8  system_stm32f10x.o(.text)
    .text                                    0x08000494   Section        0  lcd1602.o(.text)
    .text                                    0x08000b20   Section        0  ds3231.o(.text)
    .text                                    0x08000d68   Section        0  iic.o(.text)
    .text                                    0x080010f8   Section        0  sys.o(.text)
    .text                                    0x08001104   Section        0  delay.o(.text)
    .text                                    0x080011d4   Section        0  usart.o(.text)
    .text                                    0x08001318   Section       64  startup_stm32f10x_hd.o(.text)
    .text                                    0x08001358   Section        0  misc.o(.text)
    .text                                    0x08001434   Section        0  stm32f10x_gpio.o(.text)
    .text                                    0x0800178c   Section        0  stm32f10x_rcc.o(.text)
    .text                                    0x08001b30   Section        0  stm32f10x_tim.o(.text)
    TI4_Config                               0x08001fd7   Thumb Code   130  stm32f10x_tim.o(.text)
    TI3_Config                               0x0800206b   Thumb Code   122  stm32f10x_tim.o(.text)
    TI2_Config                               0x080020ff   Thumb Code   130  stm32f10x_tim.o(.text)
    TI1_Config                               0x08002193   Thumb Code   108  stm32f10x_tim.o(.text)
    .text                                    0x0800294c   Section        0  stm32f10x_usart.o(.text)
    .text                                    0x08002d54   Section        0  usmart.o(.text)
    .text                                    0x08003988   Section        0  usmart_str.o(.text)
    .text                                    0x08003eb0   Section        2  use_no_semi_2.o(.text)
    .text                                    0x08003eb4   Section        0  noretval__2printf.o(.text)
    .text                                    0x08003ecc   Section        0  _printf_pad.o(.text)
    .text                                    0x08003f1e   Section        0  _printf_str.o(.text)
    .text                                    0x08003f70   Section        0  _printf_dec.o(.text)
    .text                                    0x08003fe8   Section        0  _printf_hex_int.o(.text)
    .text                                    0x08004044   Section        0  __printf_flags_ss_wp.o(.text)
    .text                                    0x080041d0   Section        0  heapauxi.o(.text)
    .text                                    0x080041d6   Section        2  use_no_semi.o(.text)
    .text                                    0x080041d8   Section        0  _printf_intcommon.o(.text)
    .text                                    0x08004290   Section        0  _printf_char.o(.text)
    .text                                    0x080042bc   Section        0  _printf_char_file.o(.text)
    .text                                    0x080042e0   Section        0  _printf_char_common.o(.text)
    _printf_input_char                       0x080042e1   Thumb Code    10  _printf_char_common.o(.text)
    .text                                    0x08004310   Section        0  ferror.o(.text)
    .text                                    0x08004318   Section       74  sys_stackheap_outer.o(.text)
    .text                                    0x08004362   Section        0  exit.o(.text)
    .text                                    0x08004370   Section        8  libspace.o(.text)
    i._is_digit                              0x08004378   Section        0  __printf_wp.o(i._is_digit)
    x$fpl$dfix                               0x08004388   Section       94  dfix.o(x$fpl$dfix)
    x$fpl$dfltu                              0x080043e6   Section       38  dflt_clz.o(x$fpl$dfltu)
    x$fpl$dmul                               0x0800440c   Section      340  dmul.o(x$fpl$dmul)
    x$fpl$dnaninf                            0x08004560   Section      156  dnaninf.o(x$fpl$dnaninf)
    x$fpl$dretinf                            0x080045fc   Section       12  dretinf.o(x$fpl$dretinf)
    .constdata                               0x08004608   Section       40  _printf_hex_int.o(.constdata)
    x$fpl$usenofp                            0x08004608   Section        0  usenofp.o(x$fpl$usenofp)
    uc_hextab                                0x08004608   Data          20  _printf_hex_int.o(.constdata)
    lc_hextab                                0x0800461c   Data          20  _printf_hex_int.o(.constdata)
    .constdata                               0x08004630   Section       17  __printf_flags_ss_wp.o(.constdata)
    maptable                                 0x08004630   Data          17  __printf_flags_ss_wp.o(.constdata)
    .conststring                             0x08004641   Section       31  usmart.o(.conststring)
    .conststring                             0x08004660   Section      158  usmart_config.o(.conststring)
    .data                                    0x20000000   Section       20  system_stm32f10x.o(.data)
    .data                                    0x20000014   Section       10  lcd1602.o(.data)
    table                                    0x20000014   Data          10  lcd1602.o(.data)
    .data                                    0x2000001e   Section        7  ds3231.o(.data)
    .data                                    0x20000025   Section        1  iic.o(.data)
    .data                                    0x20000026   Section        4  delay.o(.data)
    fac_us                                   0x20000026   Data           1  delay.o(.data)
    fac_ms                                   0x20000028   Data           2  delay.o(.data)
    .data                                    0x2000002c   Section        8  usart.o(.data)
    .data                                    0x20000034   Section       20  stm32f10x_rcc.o(.data)
    APBAHBPrescTable                         0x20000034   Data          16  stm32f10x_rcc.o(.data)
    ADCPrescTable                            0x20000044   Data           4  stm32f10x_rcc.o(.data)
    .data                                    0x20000048   Section       28  usmart.o(.data)
    .data                                    0x20000064   Section      284  usmart_config.o(.data)
    .bss                                     0x20000180   Section      200  usart.o(.bss)
    .bss                                     0x20000248   Section       96  libspace.o(.bss)
    HEAP                                     0x200002a8   Section      512  startup_stm32f10x_hd.o(HEAP)
    Heap_Mem                                 0x200002a8   Data         512  startup_stm32f10x_hd.o(HEAP)
    STACK                                    0x200004a8   Section     1024  startup_stm32f10x_hd.o(STACK)
    Stack_Mem                                0x200004a8   Data        1024  startup_stm32f10x_hd.o(STACK)
    __initial_sp                             0x200008a8   Data           0  startup_stm32f10x_hd.o(STACK)

    Global Symbols

    Symbol Name                              Value     Ov Type        Size  Object(Section)

    BuildAttributes$$THM_ISAv4$P$D$K$B$S$PE$A:L22UL41UL21$X:L11$S22US41US21$IEEE1$IW$USESV6$~STKCKD$USESV7$~SHL$OSPACE$ROPI$EBA8$UX$STANDARDLIB$REQ8$PRES8$EABIv2 0x00000000   Number         0  anon$$obj.o ABSOLUTE
    __ARM_use_no_argv                        0x00000000   Number         0  main.o ABSOLUTE
    _printf_flags                            0x00000000   Number         0  printf_stubs.o ABSOLUTE
    _printf_return_value                     0x00000000   Number         0  printf_stubs.o ABSOLUTE
    _printf_sizespec                         0x00000000   Number         0  printf_stubs.o ABSOLUTE
    _printf_widthprec                        0x00000000   Number         0  printf_stubs.o ABSOLUTE
    __ARM_exceptions_init                     - Undefined Weak Reference
    __alloca_initialize                       - Undefined Weak Reference
    __cpp_initialize__aeabi_                  - Undefined Weak Reference
    __cxa_finalize                            - Undefined Weak Reference
    __rt_locale                               - Undefined Weak Reference
    __sigvec_lookup                           - Undefined Weak Reference
    _atexit_init                              - Undefined Weak Reference
    _call_atexit_fns                          - Undefined Weak Reference
    _clock_init                               - Undefined Weak Reference
    _fp_trap_init                             - Undefined Weak Reference
    _fp_trap_shutdown                         - Undefined Weak Reference
    _get_lc_collate                           - Undefined Weak Reference
    _get_lc_ctype                             - Undefined Weak Reference
    _get_lc_monetary                          - Undefined Weak Reference
    _get_lc_numeric                           - Undefined Weak Reference
    _get_lc_time                              - Undefined Weak Reference
    _getenv_init                              - Undefined Weak Reference
    _handle_redirection                       - Undefined Weak Reference
    _init_alloc                               - Undefined Weak Reference
    _init_user_alloc                          - Undefined Weak Reference
    _initio                                   - Undefined Weak Reference
    _mutex_acquire                            - Undefined Weak Reference
    _mutex_release                            - Undefined Weak Reference
    _printf_mbtowc                            - Undefined Weak Reference
    _printf_truncate_signed                   - Undefined Weak Reference
    _printf_truncate_unsigned                 - Undefined Weak Reference
    _rand_init                                - Undefined Weak Reference
    _signal_finish                            - Undefined Weak Reference
    _signal_init                              - Undefined Weak Reference
    _terminate_alloc                          - Undefined Weak Reference
    _terminate_user_alloc                     - Undefined Weak Reference
    _terminateio                              - Undefined Weak Reference
    __Vectors_Size                           0x00000130   Number         0  startup_stm32f10x_hd.o ABSOLUTE
    __Vectors                                0x08000000   Data           4  startup_stm32f10x_hd.o(RESET)
    __Vectors_End                            0x08000130   Data           0  startup_stm32f10x_hd.o(RESET)
    __main                                   0x08000131   Thumb Code     8  __main.o(!!!main)
    __scatterload                            0x08000139   Thumb Code     0  __scatter.o(!!!scatter)
    __scatterload_rt2                        0x08000139   Thumb Code    44  __scatter.o(!!!scatter)
    __scatterload_rt2_thumb_only             0x08000139   Thumb Code     0  __scatter.o(!!!scatter)
    __scatterload_null                       0x08000147   Thumb Code     0  __scatter.o(!!!scatter)
    __decompress                             0x0800016d   Thumb Code    90  __dczerorl2.o(!!dczerorl2)
    __decompress1                            0x0800016d   Thumb Code     0  __dczerorl2.o(!!dczerorl2)
    __scatterload_zeroinit                   0x080001c9   Thumb Code    28  __scatter_zi.o(!!handler_zi)
    _printf_d                                0x080001e5   Thumb Code     0  _printf_d.o(.ARM.Collect$$_printf_percent$$00000009)
    _printf_percent                          0x080001e5   Thumb Code     0  _printf_percent.o(.ARM.Collect$$_printf_percent$$00000000)
    _printf_u                                0x080001eb   Thumb Code     0  _printf_u.o(.ARM.Collect$$_printf_percent$$0000000A)
    _printf_x                                0x080001f1   Thumb Code     0  _printf_x.o(.ARM.Collect$$_printf_percent$$0000000C)
    _printf_c                                0x080001f7   Thumb Code     0  _printf_c.o(.ARM.Collect$$_printf_percent$$00000013)
    _printf_s                                0x080001fd   Thumb Code     0  _printf_s.o(.ARM.Collect$$_printf_percent$$00000014)
    _printf_percent_end                      0x08000203   Thumb Code     0  _printf_percent_end.o(.ARM.Collect$$_printf_percent$$00000017)
    __rt_lib_init                            0x08000207   Thumb Code     0  libinit.o(.ARM.Collect$$libinit$$00000000)
    __rt_lib_init_alloca_1                   0x08000209   Thumb Code     0  libinit2.o(.ARM.Collect$$libinit$$0000002C)
    __rt_lib_init_argv_1                     0x08000209   Thumb Code     0  libinit2.o(.ARM.Collect$$libinit$$0000002A)
    __rt_lib_init_atexit_1                   0x08000209   Thumb Code     0  libinit2.o(.ARM.Collect$$libinit$$00000019)
    __rt_lib_init_clock_1                    0x08000209   Thumb Code     0  libinit2.o(.ARM.Collect$$libinit$$0000001F)
    __rt_lib_init_cpp_1                      0x08000209   Thumb Code     0  libinit2.o(.ARM.Collect$$libinit$$00000030)
    __rt_lib_init_exceptions_1               0x08000209   Thumb Code     0  libinit2.o(.ARM.Collect$$libinit$$0000002E)
    __rt_lib_init_fp_1                       0x08000209   Thumb Code     0  libinit2.o(.ARM.Collect$$libinit$$00000002)
    __rt_lib_init_fp_trap_1                  0x08000209   Thumb Code     0  libinit2.o(.ARM.Collect$$libinit$$0000001D)
    __rt_lib_init_getenv_1                   0x08000209   Thumb Code     0  libinit2.o(.ARM.Collect$$libinit$$00000021)
    __rt_lib_init_heap_1                     0x08000209   Thumb Code     0  libinit2.o(.ARM.Collect$$libinit$$00000008)
    __rt_lib_init_lc_collate_1               0x08000209   Thumb Code     0  libinit2.o(.ARM.Collect$$libinit$$0000000F)
    __rt_lib_init_lc_ctype_1                 0x08000209   Thumb Code     0  libinit2.o(.ARM.Collect$$libinit$$00000011)
    __rt_lib_init_lc_monetary_1              0x08000209   Thumb Code     0  libinit2.o(.ARM.Collect$$libinit$$00000013)
    __rt_lib_init_lc_numeric_1               0x08000209   Thumb Code     0  libinit2.o(.ARM.Collect$$libinit$$00000015)
    __rt_lib_init_lc_time_1                  0x08000209   Thumb Code     0  libinit2.o(.ARM.Collect$$libinit$$00000017)
    __rt_lib_init_rand_1                     0x08000209   Thumb Code     0  libinit2.o(.ARM.Collect$$libinit$$0000000C)
    __rt_lib_init_return                     0x08000209   Thumb Code     0  libinit2.o(.ARM.Collect$$libinit$$00000031)
    __rt_lib_init_signal_1                   0x08000209   Thumb Code     0  libinit2.o(.ARM.Collect$$libinit$$0000001B)
    __rt_lib_init_stdio_1                    0x08000209   Thumb Code     0  libinit2.o(.ARM.Collect$$libinit$$00000023)
    __rt_lib_init_user_alloc_1               0x08000209   Thumb Code     0  libinit2.o(.ARM.Collect$$libinit$$0000000A)
    __rt_lib_shutdown                        0x0800020b   Thumb Code     0  libshutdown.o(.ARM.Collect$$libshutdown$$00000000)
    __rt_lib_shutdown_fp_trap_1              0x0800020d   Thumb Code     0  libshutdown2.o(.ARM.Collect$$libshutdown$$00000006)
    __rt_lib_shutdown_heap_1                 0x0800020d   Thumb Code     0  libshutdown2.o(.ARM.Collect$$libshutdown$$0000000E)
    __rt_lib_shutdown_return                 0x0800020d   Thumb Code     0  libshutdown2.o(.ARM.Collect$$libshutdown$$0000000F)
    __rt_lib_shutdown_signal_1               0x0800020d   Thumb Code     0  libshutdown2.o(.ARM.Collect$$libshutdown$$00000009)
    __rt_lib_shutdown_stdio_1                0x0800020d   Thumb Code     0  libshutdown2.o(.ARM.Collect$$libshutdown$$00000003)
    __rt_lib_shutdown_user_alloc_1           0x0800020d   Thumb Code     0  libshutdown2.o(.ARM.Collect$$libshutdown$$0000000B)
    __rt_entry                               0x0800020f   Thumb Code     0  rtentry.o(.ARM.Collect$$rtentry$$00000000)
    __rt_entry_presh_1                       0x0800020f   Thumb Code     0  rtentry2.o(.ARM.Collect$$rtentry$$00000002)
    __rt_entry_sh                            0x0800020f   Thumb Code     0  rtentry4.o(.ARM.Collect$$rtentry$$00000004)
    __rt_entry_li                            0x08000215   Thumb Code     0  rtentry2.o(.ARM.Collect$$rtentry$$0000000A)
    __rt_entry_postsh_1                      0x08000215   Thumb Code     0  rtentry2.o(.ARM.Collect$$rtentry$$00000009)
    __rt_entry_main                          0x08000219   Thumb Code     0  rtentry2.o(.ARM.Collect$$rtentry$$0000000D)
    __rt_entry_postli_1                      0x08000219   Thumb Code     0  rtentry2.o(.ARM.Collect$$rtentry$$0000000C)
    __rt_exit                                0x08000221   Thumb Code     0  rtexit.o(.ARM.Collect$$rtexit$$00000000)
    __rt_exit_ls                             0x08000223   Thumb Code     0  rtexit2.o(.ARM.Collect$$rtexit$$00000003)
    __rt_exit_prels_1                        0x08000223   Thumb Code     0  rtexit2.o(.ARM.Collect$$rtexit$$00000002)
    __rt_exit_exit                           0x08000227   Thumb Code     0  rtexit2.o(.ARM.Collect$$rtexit$$00000004)
    main                                     0x0800022d   Thumb Code   102  main.o(.text)
    NMI_Handler                              0x0800029d   Thumb Code     2  stm32f10x_it.o(.text)
    HardFault_Handler                        0x0800029f   Thumb Code     4  stm32f10x_it.o(.text)
    MemManage_Handler                        0x080002a3   Thumb Code     4  stm32f10x_it.o(.text)
    BusFault_Handler                         0x080002a7   Thumb Code     4  stm32f10x_it.o(.text)
    UsageFault_Handler                       0x080002ab   Thumb Code     4  stm32f10x_it.o(.text)
    SVC_Handler                              0x080002af   Thumb Code     2  stm32f10x_it.o(.text)
    DebugMon_Handler                         0x080002b1   Thumb Code     2  stm32f10x_it.o(.text)
    PendSV_Handler                           0x080002b3   Thumb Code     2  stm32f10x_it.o(.text)
    SysTick_Handler                          0x080002b5   Thumb Code     2  stm32f10x_it.o(.text)
    SystemInit                               0x08000395   Thumb Code    78  system_stm32f10x.o(.text)
    SystemCoreClockUpdate                    0x080003e3   Thumb Code   142  system_stm32f10x.o(.text)
    Lcd_GPIO_init                            0x08000495   Thumb Code    86  lcd1602.o(.text)
    LCD_busy                                 0x080004eb   Thumb Code    76  lcd1602.o(.text)
    Wait_Leisure                             0x08000537   Thumb Code     8  lcd1602.o(.text)
    Gpio_data                                0x0800053f   Thumb Code   174  lcd1602.o(.text)
    LCD_WriteInitcmd                         0x080005ed   Thumb Code    54  lcd1602.o(.text)
    LCD_Writecmd                             0x08000623   Thumb Code    66  lcd1602.o(.text)
    LCD_Writedata                            0x08000665   Thumb Code    66  lcd1602.o(.text)
    LCD_pos                                  0x080006a7   Thumb Code    14  lcd1602.o(.text)
    LCD_Setpos                               0x080006b5   Thumb Code    30  lcd1602.o(.text)
    LCD_DispChar                             0x080006d3   Thumb Code    12  lcd1602.o(.text)
    LCD_Setpos_DispChar                      0x080006df   Thumb Code    24  lcd1602.o(.text)
    LCD_DispString                           0x080006f7   Thumb Code    26  lcd1602.o(.text)
    LCD_Setpos_DispString                    0x08000711   Thumb Code    24  lcd1602.o(.text)
    LCD_Dispnum                              0x08000729   Thumb Code    98  lcd1602.o(.text)
    LCD_Setpos_Dispnum                       0x0800078b   Thumb Code    24  lcd1602.o(.text)
    LCD_DispDecimal                          0x080007a3   Thumb Code   168  lcd1602.o(.text)
    LCD_Setpos_DispDecimal                   0x0800084b   Thumb Code    32  lcd1602.o(.text)
    LCD_DispDateTime                         0x0800086b   Thumb Code   174  lcd1602.o(.text)
    LCD_DispStopWatch                        0x08000919   Thumb Code   108  lcd1602.o(.text)
    LCD_DispFreq                             0x08000985   Thumb Code    98  lcd1602.o(.text)
    LCD_ShiftLeft                            0x080009e7   Thumb Code    10  lcd1602.o(.text)
    LCD_ShiftRight                           0x080009f1   Thumb Code    10  lcd1602.o(.text)
    LCD_Clear                                0x080009fb   Thumb Code    10  lcd1602.o(.text)
    LCD_Return                               0x08000a05   Thumb Code    10  lcd1602.o(.text)
    LCD_Close                                0x08000a0f   Thumb Code    10  lcd1602.o(.text)
    LCD_Open                                 0x08000a19   Thumb Code    10  lcd1602.o(.text)
    LCD_FlickerChar                          0x08000a23   Thumb Code    22  lcd1602.o(.text)
    LCD_CloseFlicker                         0x08000a39   Thumb Code    10  lcd1602.o(.text)
    LCD_FlickerScreen                        0x08000a43   Thumb Code    32  lcd1602.o(.text)
    LCD_Init                                 0x08000a63   Thumb Code   128  lcd1602.o(.text)
    BCD2HEX                                  0x08000b21   Thumb Code    42  ds3231.o(.text)
    B_BCD                                    0x08000b4b   Thumb Code    24  ds3231.o(.text)
    I2cByteWrite                             0x08000b63   Thumb Code    70  ds3231.o(.text)
    I2cByteRead                              0x08000ba9   Thumb Code    76  ds3231.o(.text)
    DS3231_Init                              0x08000bf5   Thumb Code    36  ds3231.o(.text)
    DS3231_Get                               0x08000c19   Thumb Code    64  ds3231.o(.text)
    DS3231_Set                               0x08000c59   Thumb Code   132  ds3231.o(.text)
    get_show_time                            0x08000cdd   Thumb Code   134  ds3231.o(.text)
    I2C_delay                                0x08000d69   Thumb Code    14  iic.o(.text)
    IIC_Init                                 0x08000d77   Thumb Code    50  iic.o(.text)
    IIC_Start                                0x08000da9   Thumb Code    92  iic.o(.text)
    IIC_Stop                                 0x08000e05   Thumb Code    60  iic.o(.text)
    IIC_Ack                                  0x08000e41   Thumb Code    60  iic.o(.text)
    IIC_NoAck                                0x08000e7d   Thumb Code    60  iic.o(.text)
    IIC_WaitAck                              0x08000eb9   Thumb Code    84  iic.o(.text)
    IIC_SendByte                             0x08000f0d   Thumb Code    94  iic.o(.text)
    IIC_ReceiveByte                          0x08000f6b   Thumb Code    88  iic.o(.text)
    IIC_FRAM_BufferWrite                     0x08000fc3   Thumb Code   136  iic.o(.text)
    IIC_FRAM_BufferRead                      0x0800104b   Thumb Code   164  iic.o(.text)
    NVIC_Configuration                       0x080010f9   Thumb Code    12  sys.o(.text)
    delay_init                               0x08001105   Thumb Code    50  delay.o(.text)
    delay_us                                 0x08001137   Thumb Code    70  delay.o(.text)
    delay_ms                                 0x0800117d   Thumb Code    70  delay.o(.text)
    _sys_exit                                0x080011d5   Thumb Code     6  usart.o(.text)
    fputc                                    0x080011db   Thumb Code    22  usart.o(.text)
    uart_init                                0x080011f1   Thumb Code   158  usart.o(.text)
    USART1_IRQHandler                        0x0800128f   Thumb Code   122  usart.o(.text)
    Reset_Handler                            0x08001319   Thumb Code     8  startup_stm32f10x_hd.o(.text)
    ADC1_2_IRQHandler                        0x08001333   Thumb Code     0  startup_stm32f10x_hd.o(.text)
    ADC3_IRQHandler                          0x08001333   Thumb Code     0  startup_stm32f10x_hd.o(.text)
    CAN1_RX1_IRQHandler                      0x08001333   Thumb Code     0  startup_stm32f10x_hd.o(.text)
    CAN1_SCE_IRQHandler                      0x08001333   Thumb Code     0  startup_stm32f10x_hd.o(.text)
    DMA1_Channel1_IRQHandler                 0x08001333   Thumb Code     0  startup_stm32f10x_hd.o(.text)
    DMA1_Channel2_IRQHandler                 0x08001333   Thumb Code     0  startup_stm32f10x_hd.o(.text)
    DMA1_Channel3_IRQHandler                 0x08001333   Thumb Code     0  startup_stm32f10x_hd.o(.text)
    DMA1_Channel4_IRQHandler                 0x08001333   Thumb Code     0  startup_stm32f10x_hd.o(.text)
    DMA1_Channel5_IRQHandler                 0x08001333   Thumb Code     0  startup_stm32f10x_hd.o(.text)
    DMA1_Channel6_IRQHandler                 0x08001333   Thumb Code     0  startup_stm32f10x_hd.o(.text)
    DMA1_Channel7_IRQHandler                 0x08001333   Thumb Code     0  startup_stm32f10x_hd.o(.text)
    DMA2_Channel1_IRQHandler                 0x08001333   Thumb Code     0  startup_stm32f10x_hd.o(.text)
    DMA2_Channel2_IRQHandler                 0x08001333   Thumb Code     0  startup_stm32f10x_hd.o(.text)
    DMA2_Channel3_IRQHandler                 0x08001333   Thumb Code     0  startup_stm32f10x_hd.o(.text)
    DMA2_Channel4_5_IRQHandler               0x08001333   Thumb Code     0  startup_stm32f10x_hd.o(.text)
    EXTI0_IRQHandler                         0x08001333   Thumb Code     0  startup_stm32f10x_hd.o(.text)
    EXTI15_10_IRQHandler                     0x08001333   Thumb Code     0  startup_stm32f10x_hd.o(.text)
    EXTI1_IRQHandler                         0x08001333   Thumb Code     0  startup_stm32f10x_hd.o(.text)
    EXTI2_IRQHandler                         0x08001333   Thumb Code     0  startup_stm32f10x_hd.o(.text)
    EXTI3_IRQHandler                         0x08001333   Thumb Code     0  startup_stm32f10x_hd.o(.text)
    EXTI4_IRQHandler                         0x08001333   Thumb Code     0  startup_stm32f10x_hd.o(.text)
    EXTI9_5_IRQHandler                       0x08001333   Thumb Code     0  startup_stm32f10x_hd.o(.text)
    FLASH_IRQHandler                         0x08001333   Thumb Code     0  startup_stm32f10x_hd.o(.text)
    FSMC_IRQHandler                          0x08001333   Thumb Code     0  startup_stm32f10x_hd.o(.text)
    I2C1_ER_IRQHandler                       0x08001333   Thumb Code     0  startup_stm32f10x_hd.o(.text)
    I2C1_EV_IRQHandler                       0x08001333   Thumb Code     0  startup_stm32f10x_hd.o(.text)
    I2C2_ER_IRQHandler                       0x08001333   Thumb Code     0  startup_stm32f10x_hd.o(.text)
    I2C2_EV_IRQHandler                       0x08001333   Thumb Code     0  startup_stm32f10x_hd.o(.text)
    PVD_IRQHandler                           0x08001333   Thumb Code     0  startup_stm32f10x_hd.o(.text)
    RCC_IRQHandler                           0x08001333   Thumb Code     0  startup_stm32f10x_hd.o(.text)
    RTCAlarm_IRQHandler                      0x08001333   Thumb Code     0  startup_stm32f10x_hd.o(.text)
    RTC_IRQHandler                           0x08001333   Thumb Code     0  startup_stm32f10x_hd.o(.text)
    SDIO_IRQHandler                          0x08001333   Thumb Code     0  startup_stm32f10x_hd.o(.text)
    SPI1_IRQHandler                          0x08001333   Thumb Code     0  startup_stm32f10x_hd.o(.text)
    SPI2_IRQHandler                          0x08001333   Thumb Code     0  startup_stm32f10x_hd.o(.text)
    SPI3_IRQHandler                          0x08001333   Thumb Code     0  startup_stm32f10x_hd.o(.text)
    TAMPER_IRQHandler                        0x08001333   Thumb Code     0  startup_stm32f10x_hd.o(.text)
    TIM1_BRK_IRQHandler                      0x08001333   Thumb Code     0  startup_stm32f10x_hd.o(.text)
    TIM1_CC_IRQHandler                       0x08001333   Thumb Code     0  startup_stm32f10x_hd.o(.text)
    TIM1_TRG_COM_IRQHandler                  0x08001333   Thumb Code     0  startup_stm32f10x_hd.o(.text)
    TIM1_UP_IRQHandler                       0x08001333   Thumb Code     0  startup_stm32f10x_hd.o(.text)
    TIM3_IRQHandler                          0x08001333   Thumb Code     0  startup_stm32f10x_hd.o(.text)
    TIM4_IRQHandler                          0x08001333   Thumb Code     0  startup_stm32f10x_hd.o(.text)
    TIM5_IRQHandler                          0x08001333   Thumb Code     0  startup_stm32f10x_hd.o(.text)
    TIM6_IRQHandler                          0x08001333   Thumb Code     0  startup_stm32f10x_hd.o(.text)
    TIM7_IRQHandler                          0x08001333   Thumb Code     0  startup_stm32f10x_hd.o(.text)
    TIM8_BRK_IRQHandler                      0x08001333   Thumb Code     0  startup_stm32f10x_hd.o(.text)
    TIM8_CC_IRQHandler                       0x08001333   Thumb Code     0  startup_stm32f10x_hd.o(.text)
    TIM8_TRG_COM_IRQHandler                  0x08001333   Thumb Code     0  startup_stm32f10x_hd.o(.text)
    TIM8_UP_IRQHandler                       0x08001333   Thumb Code     0  startup_stm32f10x_hd.o(.text)
    UART4_IRQHandler                         0x08001333   Thumb Code     0  startup_stm32f10x_hd.o(.text)
    UART5_IRQHandler                         0x08001333   Thumb Code     0  startup_stm32f10x_hd.o(.text)
    USART2_IRQHandler                        0x08001333   Thumb Code     0  startup_stm32f10x_hd.o(.text)
    USART3_IRQHandler                        0x08001333   Thumb Code     0  startup_stm32f10x_hd.o(.text)
    USBWakeUp_IRQHandler                     0x08001333   Thumb Code     0  startup_stm32f10x_hd.o(.text)
    USB_HP_CAN1_TX_IRQHandler                0x08001333   Thumb Code     0  startup_stm32f10x_hd.o(.text)
    USB_LP_CAN1_RX0_IRQHandler               0x08001333   Thumb Code     0  startup_stm32f10x_hd.o(.text)
    WWDG_IRQHandler                          0x08001333   Thumb Code     0  startup_stm32f10x_hd.o(.text)
    __user_initial_stackheap                 0x08001335   Thumb Code     0  startup_stm32f10x_hd.o(.text)
    NVIC_PriorityGroupConfig                 0x08001359   Thumb Code    10  misc.o(.text)
    NVIC_Init                                0x08001363   Thumb Code   102  misc.o(.text)
    NVIC_SetVectorTable                      0x080013c9   Thumb Code    14  misc.o(.text)
    NVIC_SystemLPConfig                      0x080013d7   Thumb Code    34  misc.o(.text)
    SysTick_CLKSourceConfig                  0x080013f9   Thumb Code    40  misc.o(.text)
    GPIO_DeInit                              0x08001435   Thumb Code   172  stm32f10x_gpio.o(.text)
    GPIO_AFIODeInit                          0x080014e1   Thumb Code    20  stm32f10x_gpio.o(.text)
    GPIO_Init                                0x080014f5   Thumb Code   274  stm32f10x_gpio.o(.text)
    GPIO_StructInit                          0x08001607   Thumb Code    16  stm32f10x_gpio.o(.text)
    GPIO_ReadInputDataBit                    0x08001617   Thumb Code    18  stm32f10x_gpio.o(.text)
    GPIO_ReadInputData                       0x08001629   Thumb Code     8  stm32f10x_gpio.o(.text)
    GPIO_ReadOutputDataBit                   0x08001631   Thumb Code    18  stm32f10x_gpio.o(.text)
    GPIO_ReadOutputData                      0x08001643   Thumb Code     8  stm32f10x_gpio.o(.text)
    GPIO_SetBits                             0x0800164b   Thumb Code     4  stm32f10x_gpio.o(.text)
    GPIO_ResetBits                           0x0800164f   Thumb Code     4  stm32f10x_gpio.o(.text)
    GPIO_WriteBit                            0x08001653   Thumb Code    10  stm32f10x_gpio.o(.text)
    GPIO_Write                               0x0800165d   Thumb Code     4  stm32f10x_gpio.o(.text)
    GPIO_PinLockConfig                       0x08001661   Thumb Code    18  stm32f10x_gpio.o(.text)
    GPIO_EventOutputConfig                   0x08001673   Thumb Code    26  stm32f10x_gpio.o(.text)
    GPIO_EventOutputCmd                      0x0800168d   Thumb Code     6  stm32f10x_gpio.o(.text)
    GPIO_PinRemapConfig                      0x08001693   Thumb Code   138  stm32f10x_gpio.o(.text)
    GPIO_EXTILineConfig                      0x0800171d   Thumb Code    66  stm32f10x_gpio.o(.text)
    GPIO_ETH_MediaInterfaceConfig            0x0800175f   Thumb Code     6  stm32f10x_gpio.o(.text)
    RCC_DeInit                               0x0800178d   Thumb Code    64  stm32f10x_rcc.o(.text)
    RCC_HSEConfig                            0x080017cd   Thumb Code    70  stm32f10x_rcc.o(.text)
    RCC_GetFlagStatus                        0x08001813   Thumb Code    56  stm32f10x_rcc.o(.text)
    RCC_WaitForHSEStartUp                    0x0800184b   Thumb Code    56  stm32f10x_rcc.o(.text)
    RCC_AdjustHSICalibrationValue            0x08001883   Thumb Code    20  stm32f10x_rcc.o(.text)
    RCC_HSICmd                               0x08001897   Thumb Code     6  stm32f10x_rcc.o(.text)
    RCC_PLLConfig                            0x0800189d   Thumb Code    24  stm32f10x_rcc.o(.text)
    RCC_PLLCmd                               0x080018b5   Thumb Code     6  stm32f10x_rcc.o(.text)
    RCC_SYSCLKConfig                         0x080018bb   Thumb Code    18  stm32f10x_rcc.o(.text)
    RCC_GetSYSCLKSource                      0x080018cd   Thumb Code    10  stm32f10x_rcc.o(.text)
    RCC_HCLKConfig                           0x080018d7   Thumb Code    18  stm32f10x_rcc.o(.text)
    RCC_PCLK1Config                          0x080018e9   Thumb Code    18  stm32f10x_rcc.o(.text)
    RCC_PCLK2Config                          0x080018fb   Thumb Code    20  stm32f10x_rcc.o(.text)
    RCC_ITConfig                             0x0800190f   Thumb Code    26  stm32f10x_rcc.o(.text)
    RCC_USBCLKConfig                         0x08001929   Thumb Code     6  stm32f10x_rcc.o(.text)
    RCC_ADCCLKConfig                         0x0800192f   Thumb Code    18  stm32f10x_rcc.o(.text)
    RCC_LSEConfig                            0x08001941   Thumb Code    44  stm32f10x_rcc.o(.text)
    RCC_LSICmd                               0x0800196d   Thumb Code     6  stm32f10x_rcc.o(.text)
    RCC_RTCCLKConfig                         0x08001973   Thumb Code    12  stm32f10x_rcc.o(.text)
    RCC_RTCCLKCmd                            0x0800197f   Thumb Code     8  stm32f10x_rcc.o(.text)
    RCC_GetClocksFreq                        0x08001987   Thumb Code   192  stm32f10x_rcc.o(.text)
    RCC_AHBPeriphClockCmd                    0x08001a47   Thumb Code    26  stm32f10x_rcc.o(.text)
    RCC_APB2PeriphClockCmd                   0x08001a61   Thumb Code    26  stm32f10x_rcc.o(.text)
    RCC_APB1PeriphClockCmd                   0x08001a7b   Thumb Code    26  stm32f10x_rcc.o(.text)
    RCC_APB2PeriphResetCmd                   0x08001a95   Thumb Code    26  stm32f10x_rcc.o(.text)
    RCC_APB1PeriphResetCmd                   0x08001aaf   Thumb Code    26  stm32f10x_rcc.o(.text)
    RCC_BackupResetCmd                       0x08001ac9   Thumb Code     8  stm32f10x_rcc.o(.text)
    RCC_ClockSecuritySystemCmd               0x08001ad1   Thumb Code     6  stm32f10x_rcc.o(.text)
    RCC_MCOConfig                            0x08001ad7   Thumb Code     6  stm32f10x_rcc.o(.text)
    RCC_ClearFlag                            0x08001add   Thumb Code    14  stm32f10x_rcc.o(.text)
    RCC_GetITStatus                          0x08001aeb   Thumb Code    20  stm32f10x_rcc.o(.text)
    RCC_ClearITPendingBit                    0x08001aff   Thumb Code     6  stm32f10x_rcc.o(.text)
    TIM_DeInit                               0x08001b31   Thumb Code   424  stm32f10x_tim.o(.text)
    TIM_TimeBaseInit                         0x08001cd9   Thumb Code   122  stm32f10x_tim.o(.text)
    TIM_OC1Init                              0x08001d53   Thumb Code   132  stm32f10x_tim.o(.text)
    TIM_OC2Init                              0x08001dd7   Thumb Code   154  stm32f10x_tim.o(.text)
    TIM_OC3Init                              0x08001e71   Thumb Code   150  stm32f10x_tim.o(.text)
    TIM_OC4Init                              0x08001f07   Thumb Code   182  stm32f10x_tim.o(.text)
    TIM_SetIC4Prescaler                      0x08001fbd   Thumb Code    26  stm32f10x_tim.o(.text)
    TIM_SetIC3Prescaler                      0x08002059   Thumb Code    18  stm32f10x_tim.o(.text)
    TIM_SetIC2Prescaler                      0x080020e5   Thumb Code    26  stm32f10x_tim.o(.text)
    TIM_SetIC1Prescaler                      0x08002181   Thumb Code    18  stm32f10x_tim.o(.text)
    TIM_ICInit                               0x080021ff   Thumb Code   150  stm32f10x_tim.o(.text)
    TIM_PWMIConfig                           0x08002295   Thumb Code   124  stm32f10x_tim.o(.text)
    TIM_BDTRConfig                           0x08002311   Thumb Code    32  stm32f10x_tim.o(.text)
    TIM_TimeBaseStructInit                   0x08002331   Thumb Code    18  stm32f10x_tim.o(.text)
    TIM_OCStructInit                         0x08002343   Thumb Code    20  stm32f10x_tim.o(.text)
    TIM_ICStructInit                         0x08002357   Thumb Code    18  stm32f10x_tim.o(.text)
    TIM_BDTRStructInit                       0x08002369   Thumb Code    40  stm32f10x_tim.o(.text)
    TIM_Cmd                                  0x08002391   Thumb Code    24  stm32f10x_tim.o(.text)
    TIM_CtrlPWMOutputs                       0x080023a9   Thumb Code    30  stm32f10x_tim.o(.text)
    TIM_ITConfig                             0x080023c7   Thumb Code    18  stm32f10x_tim.o(.text)
    TIM_GenerateEvent                        0x080023d9   Thumb Code     4  stm32f10x_tim.o(.text)
    TIM_DMAConfig                            0x080023dd   Thumb Code    10  stm32f10x_tim.o(.text)
    TIM_DMACmd                               0x080023e7   Thumb Code    18  stm32f10x_tim.o(.text)
    TIM_InternalClockConfig                  0x080023f9   Thumb Code    12  stm32f10x_tim.o(.text)
    TIM_SelectInputTrigger                   0x08002405   Thumb Code    18  stm32f10x_tim.o(.text)
    TIM_ITRxExternalClockConfig              0x08002417   Thumb Code    24  stm32f10x_tim.o(.text)
    TIM_TIxExternalClockConfig               0x0800242f   Thumb Code    62  stm32f10x_tim.o(.text)
    TIM_ETRConfig                            0x0800246d   Thumb Code    28  stm32f10x_tim.o(.text)
    TIM_ETRClockMode1Config                  0x08002489   Thumb Code    54  stm32f10x_tim.o(.text)
    TIM_ETRClockMode2Config                  0x080024bf   Thumb Code    32  stm32f10x_tim.o(.text)
    TIM_PrescalerConfig                      0x080024df   Thumb Code     6  stm32f10x_tim.o(.text)
    TIM_CounterModeConfig                    0x080024e5   Thumb Code    18  stm32f10x_tim.o(.text)
    TIM_EncoderInterfaceConfig               0x080024f7   Thumb Code    66  stm32f10x_tim.o(.text)
    TIM_ForcedOC1Config                      0x08002539   Thumb Code    18  stm32f10x_tim.o(.text)
    TIM_ForcedOC2Config                      0x0800254b   Thumb Code    26  stm32f10x_tim.o(.text)
    TIM_ForcedOC3Config                      0x08002565   Thumb Code    18  stm32f10x_tim.o(.text)
    TIM_ForcedOC4Config                      0x08002577   Thumb Code    26  stm32f10x_tim.o(.text)
    TIM_ARRPreloadConfig                     0x08002591   Thumb Code    24  stm32f10x_tim.o(.text)
    TIM_SelectCOM                            0x080025a9   Thumb Code    24  stm32f10x_tim.o(.text)
    TIM_SelectCCDMA                          0x080025c1   Thumb Code    24  stm32f10x_tim.o(.text)
    TIM_CCPreloadControl                     0x080025d9   Thumb Code    24  stm32f10x_tim.o(.text)
    TIM_OC1PreloadConfig                     0x080025f1   Thumb Code    18  stm32f10x_tim.o(.text)
    TIM_OC2PreloadConfig                     0x08002603   Thumb Code    26  stm32f10x_tim.o(.text)
    TIM_OC3PreloadConfig                     0x0800261d   Thumb Code    18  stm32f10x_tim.o(.text)
    TIM_OC4PreloadConfig                     0x0800262f   Thumb Code    26  stm32f10x_tim.o(.text)
    TIM_OC1FastConfig                        0x08002649   Thumb Code    18  stm32f10x_tim.o(.text)
    TIM_OC2FastConfig                        0x0800265b   Thumb Code    26  stm32f10x_tim.o(.text)
    TIM_OC3FastConfig                        0x08002675   Thumb Code    18  stm32f10x_tim.o(.text)
    TIM_OC4FastConfig                        0x08002687   Thumb Code    26  stm32f10x_tim.o(.text)
    TIM_ClearOC1Ref                          0x080026a1   Thumb Code    18  stm32f10x_tim.o(.text)
    TIM_ClearOC2Ref                          0x080026b3   Thumb Code    24  stm32f10x_tim.o(.text)
    TIM_ClearOC3Ref                          0x080026cb   Thumb Code    18  stm32f10x_tim.o(.text)
    TIM_ClearOC4Ref                          0x080026dd   Thumb Code    24  stm32f10x_tim.o(.text)
    TIM_OC1PolarityConfig                    0x080026f5   Thumb Code    18  stm32f10x_tim.o(.text)
    TIM_OC1NPolarityConfig                   0x08002707   Thumb Code    18  stm32f10x_tim.o(.text)
    TIM_OC2PolarityConfig                    0x08002719   Thumb Code    26  stm32f10x_tim.o(.text)
    TIM_OC2NPolarityConfig                   0x08002733   Thumb Code    26  stm32f10x_tim.o(.text)
    TIM_OC3PolarityConfig                    0x0800274d   Thumb Code    26  stm32f10x_tim.o(.text)
    TIM_OC3NPolarityConfig                   0x08002767   Thumb Code    26  stm32f10x_tim.o(.text)
    TIM_OC4PolarityConfig                    0x08002781   Thumb Code    26  stm32f10x_tim.o(.text)
    TIM_CCxCmd                               0x0800279b   Thumb Code    30  stm32f10x_tim.o(.text)
    TIM_CCxNCmd                              0x080027b9   Thumb Code    30  stm32f10x_tim.o(.text)
    TIM_SelectOCxM                           0x080027d7   Thumb Code    82  stm32f10x_tim.o(.text)
    TIM_UpdateDisableConfig                  0x08002829   Thumb Code    24  stm32f10x_tim.o(.text)
    TIM_UpdateRequestConfig                  0x08002841   Thumb Code    24  stm32f10x_tim.o(.text)
    TIM_SelectHallSensor                     0x08002859   Thumb Code    24  stm32f10x_tim.o(.text)
    TIM_SelectOnePulseMode                   0x08002871   Thumb Code    18  stm32f10x_tim.o(.text)
    TIM_SelectOutputTrigger                  0x08002883   Thumb Code    18  stm32f10x_tim.o(.text)
    TIM_SelectSlaveMode                      0x08002895   Thumb Code    18  stm32f10x_tim.o(.text)
    TIM_SelectMasterSlaveMode                0x080028a7   Thumb Code    18  stm32f10x_tim.o(.text)
    TIM_SetCounter                           0x080028b9   Thumb Code     4  stm32f10x_tim.o(.text)
    TIM_SetAutoreload                        0x080028bd   Thumb Code     4  stm32f10x_tim.o(.text)
    TIM_SetCompare1                          0x080028c1   Thumb Code     4  stm32f10x_tim.o(.text)
    TIM_SetCompare2                          0x080028c5   Thumb Code     4  stm32f10x_tim.o(.text)
    TIM_SetCompare3                          0x080028c9   Thumb Code     4  stm32f10x_tim.o(.text)
    TIM_SetCompare4                          0x080028cd   Thumb Code     6  stm32f10x_tim.o(.text)
    TIM_SetClockDivision                     0x080028d3   Thumb Code    18  stm32f10x_tim.o(.text)
    TIM_GetCapture1                          0x080028e5   Thumb Code     6  stm32f10x_tim.o(.text)
    TIM_GetCapture2                          0x080028eb   Thumb Code     6  stm32f10x_tim.o(.text)
    TIM_GetCapture3                          0x080028f1   Thumb Code     6  stm32f10x_tim.o(.text)
    TIM_GetCapture4                          0x080028f7   Thumb Code     8  stm32f10x_tim.o(.text)
    TIM_GetCounter                           0x080028ff   Thumb Code     6  stm32f10x_tim.o(.text)
    TIM_GetPrescaler                         0x08002905   Thumb Code     6  stm32f10x_tim.o(.text)
    TIM_GetFlagStatus                        0x0800290b   Thumb Code    18  stm32f10x_tim.o(.text)
    TIM_ClearFlag                            0x0800291d   Thumb Code     6  stm32f10x_tim.o(.text)
    TIM_GetITStatus                          0x08002923   Thumb Code    34  stm32f10x_tim.o(.text)
    TIM_ClearITPendingBit                    0x08002945   Thumb Code     6  stm32f10x_tim.o(.text)
    USART_DeInit                             0x0800294d   Thumb Code   134  stm32f10x_usart.o(.text)
    USART_Init                               0x080029d3   Thumb Code   210  stm32f10x_usart.o(.text)
    USART_StructInit                         0x08002aa5   Thumb Code    24  stm32f10x_usart.o(.text)
    USART_ClockInit                          0x08002abd   Thumb Code    34  stm32f10x_usart.o(.text)
    USART_ClockStructInit                    0x08002adf   Thumb Code    12  stm32f10x_usart.o(.text)
    USART_Cmd                                0x08002aeb   Thumb Code    24  stm32f10x_usart.o(.text)
    USART_ITConfig                           0x08002b03   Thumb Code    74  stm32f10x_usart.o(.text)
    USART_DMACmd                             0x08002b4d   Thumb Code    18  stm32f10x_usart.o(.text)
    USART_SetAddress                         0x08002b5f   Thumb Code    18  stm32f10x_usart.o(.text)
    USART_WakeUpConfig                       0x08002b71   Thumb Code    18  stm32f10x_usart.o(.text)
    USART_ReceiverWakeUpCmd                  0x08002b83   Thumb Code    24  stm32f10x_usart.o(.text)
    USART_LINBreakDetectLengthConfig         0x08002b9b   Thumb Code    18  stm32f10x_usart.o(.text)
    USART_LINCmd                             0x08002bad   Thumb Code    24  stm32f10x_usart.o(.text)
    USART_SendData                           0x08002bc5   Thumb Code     8  stm32f10x_usart.o(.text)
    USART_ReceiveData                        0x08002bcd   Thumb Code    10  stm32f10x_usart.o(.text)
    USART_SendBreak                          0x08002bd7   Thumb Code    10  stm32f10x_usart.o(.text)
    USART_SetGuardTime                       0x08002be1   Thumb Code    16  stm32f10x_usart.o(.text)
    USART_SetPrescaler                       0x08002bf1   Thumb Code    16  stm32f10x_usart.o(.text)
    USART_SmartCardCmd                       0x08002c01   Thumb Code    24  stm32f10x_usart.o(.text)
    USART_SmartCardNACKCmd                   0x08002c19   Thumb Code    24  stm32f10x_usart.o(.text)
    USART_HalfDuplexCmd                      0x08002c31   Thumb Code    24  stm32f10x_usart.o(.text)
    USART_OverSampling8Cmd                   0x08002c49   Thumb Code    22  stm32f10x_usart.o(.text)
    USART_OneBitMethodCmd                    0x08002c5f   Thumb Code    24  stm32f10x_usart.o(.text)
    USART_IrDAConfig                         0x08002c77   Thumb Code    18  stm32f10x_usart.o(.text)
    USART_IrDACmd                            0x08002c89   Thumb Code    24  stm32f10x_usart.o(.text)
    USART_GetFlagStatus                      0x08002ca1   Thumb Code    26  stm32f10x_usart.o(.text)
    USART_ClearFlag                          0x08002cbb   Thumb Code    18  stm32f10x_usart.o(.text)
    USART_GetITStatus                        0x08002ccd   Thumb Code    84  stm32f10x_usart.o(.text)
    USART_ClearITPendingBit                  0x08002d21   Thumb Code    52  stm32f10x_usart.o(.text)
    usmart_sys_cmd_exe                       0x08002d55   Thumb Code  1554  usmart.o(.text)
    usmart_reset_runtime                     0x08003367   Thumb Code    34  usmart.o(.text)
    usmart_get_runtime                       0x08003389   Thumb Code    58  usmart.o(.text)
    TIM2_IRQHandler                          0x080033c3   Thumb Code    52  usmart.o(.text)
    Timer2_Init                              0x080033f7   Thumb Code    90  usmart.o(.text)
    usmart_init                              0x08003451   Thumb Code    36  usmart.o(.text)
    usmart_cmd_rec                           0x08003475   Thumb Code   170  usmart.o(.text)
    usmart_exe                               0x0800351f   Thumb Code   864  usmart.o(.text)
    usmart_scan                              0x0800387f   Thumb Code   118  usmart.o(.text)
    read_addr                                0x080038f5   Thumb Code     6  usmart.o(.text)
    write_addr                               0x080038fb   Thumb Code     4  usmart.o(.text)
    usmart_strcmp                            0x08003989   Thumb Code    34  usmart_str.o(.text)
    usmart_strcopy                           0x080039ab   Thumb Code    22  usmart_str.o(.text)
    usmart_strlen                            0x080039c1   Thumb Code    24  usmart_str.o(.text)
    usmart_pow                               0x080039d9   Thumb Code    22  usmart_str.o(.text)
    usmart_str2num                           0x080039ef   Thumb Code   202  usmart_str.o(.text)
    usmart_get_cmdname                       0x08003ab9   Thumb Code    54  usmart_str.o(.text)
    usmart_search_nextc                      0x08003aef   Thumb Code    22  usmart_str.o(.text)
    usmart_get_fname                         0x08003b05   Thumb Code   440  usmart_str.o(.text)
    usmart_get_aparm                         0x08003cbd   Thumb Code   200  usmart_str.o(.text)
    usmart_get_parmpos                       0x08003d85   Thumb Code    26  usmart_str.o(.text)
    usmart_get_fparam                        0x08003d9f   Thumb Code   262  usmart_str.o(.text)
    __use_no_semihosting                     0x08003eb1   Thumb Code     2  use_no_semi_2.o(.text)
    __2printf                                0x08003eb5   Thumb Code    20  noretval__2printf.o(.text)
    _printf_pre_padding                      0x08003ecd   Thumb Code    46  _printf_pad.o(.text)
    _printf_post_padding                     0x08003efb   Thumb Code    36  _printf_pad.o(.text)
    _printf_str                              0x08003f1f   Thumb Code    82  _printf_str.o(.text)
    _printf_int_dec                          0x08003f71   Thumb Code   102  _printf_dec.o(.text)
    _printf_int_hex                          0x08003fe9   Thumb Code    88  _printf_hex_int.o(.text)
    _printf_longlong_hex                     0x08003fe9   Thumb Code     0  _printf_hex_int.o(.text)
    __printf                                 0x08004045   Thumb Code   390  __printf_flags_ss_wp.o(.text)
    __use_two_region_memory                  0x080041d1   Thumb Code     2  heapauxi.o(.text)
    __rt_heap_escrow$2region                 0x080041d3   Thumb Code     2  heapauxi.o(.text)
    __rt_heap_expand$2region                 0x080041d5   Thumb Code     2  heapauxi.o(.text)
    __I$use$semihosting                      0x080041d7   Thumb Code     0  use_no_semi.o(.text)
    __use_no_semihosting_swi                 0x080041d7   Thumb Code     2  use_no_semi.o(.text)
    _printf_int_common                       0x080041d9   Thumb Code   184  _printf_intcommon.o(.text)
    _printf_cs_common                        0x08004291   Thumb Code    20  _printf_char.o(.text)
    _printf_char                             0x080042a5   Thumb Code    16  _printf_char.o(.text)
    _printf_string                           0x080042b5   Thumb Code     8  _printf_char.o(.text)
    _printf_char_file                        0x080042bd   Thumb Code    32  _printf_char_file.o(.text)
    _printf_char_common                      0x080042eb   Thumb Code    32  _printf_char_common.o(.text)
    ferror                                   0x08004311   Thumb Code     8  ferror.o(.text)
    __user_setup_stackheap                   0x08004319   Thumb Code    74  sys_stackheap_outer.o(.text)
    exit                                     0x08004363   Thumb Code    12  exit.o(.text)
    __user_libspace                          0x08004371   Thumb Code     8  libspace.o(.text)
    __user_perproc_libspace                  0x08004371   Thumb Code     0  libspace.o(.text)
    __user_perthread_libspace                0x08004371   Thumb Code     0  libspace.o(.text)
    _is_digit                                0x08004379   Thumb Code    14  __printf_wp.o(i._is_digit)
    __aeabi_d2iz                             0x08004389   Thumb Code     0  dfix.o(x$fpl$dfix)
    _dfix                                    0x08004389   Thumb Code    94  dfix.o(x$fpl$dfix)
    __aeabi_ui2d                             0x080043e7   Thumb Code     0  dflt_clz.o(x$fpl$dfltu)
    _dfltu                                   0x080043e7   Thumb Code    38  dflt_clz.o(x$fpl$dfltu)
    __aeabi_dmul                             0x0800440d   Thumb Code     0  dmul.o(x$fpl$dmul)
    _dmul                                    0x0800440d   Thumb Code   332  dmul.o(x$fpl$dmul)
    __fpl_dnaninf                            0x08004561   Thumb Code   156  dnaninf.o(x$fpl$dnaninf)
    __fpl_dretinf                            0x080045fd   Thumb Code    12  dretinf.o(x$fpl$dretinf)
    __I$use$fp                               0x08004608   Number         0  usenofp.o(x$fpl$usenofp)
    Region$$Table$$Base                      0x08004700   Number         0  anon$$obj.o(Region$$Table)
    Region$$Table$$Limit                     0x08004720   Number         0  anon$$obj.o(Region$$Table)
    SystemCoreClock                          0x20000000   Data           4  system_stm32f10x.o(.data)
    AHBPrescTable                            0x20000004   Data          16  system_stm32f10x.o(.data)
    calendar                                 0x2000001e   Data           7  ds3231.o(.data)
    FRAM_ADDRESS                             0x20000025   Data           1  iic.o(.data)
    USART_RX_STA                             0x2000002c   Data           2  usart.o(.data)
    __stdout                                 0x20000030   Data           4  usart.o(.data)
    sys_cmd_tab                              0x20000048   Data          28  usmart.o(.data)
    usmart_nametab                           0x20000064   Data          40  usmart_config.o(.data)
    usmart_dev                               0x2000008c   Data         244  usmart_config.o(.data)
    USART_RX_BUF                             0x20000180   Data         200  usart.o(.bss)
    __libspace_start                         0x20000248   Data          96  libspace.o(.bss)
    __temporary_stack_top$libspace           0x200002a8   Data           0  libspace.o(.bss)



==============================================================================

Memory Map of the image

  Image Entry point : 0x08000131

  Load Region LR_IROM1 (Base: 0x08000000, Size: 0x000048a0, Max: 0x00040000, ABSOLUTE, COMPRESSED[0x00004790])

    Execution Region ER_IROM1 (Base: 0x08000000, Size: 0x00004720, Max: 0x00040000, ABSOLUTE)

    Base Addr    Size         Type   Attr      Idx    E Section Name        Object

    0x08000000   0x00000130   Data   RO          226    RESET               startup_stm32f10x_hd.o
    0x08000130   0x00000008   Code   RO          666  * !!!main             c_w.l(__main.o)
    0x08000138   0x00000034   Code   RO          852    !!!scatter          c_w.l(__scatter.o)
    0x0800016c   0x0000005a   Code   RO          850    !!dczerorl2         c_w.l(__dczerorl2.o)
    0x080001c6   0x00000002   PAD
    0x080001c8   0x0000001c   Code   RO          854    !!handler_zi        c_w.l(__scatter_zi.o)
    0x080001e4   0x00000000   Code   RO          663    .ARM.Collect$$_printf_percent$$00000000  c_w.l(_printf_percent.o)
    0x080001e4   0x00000006   Code   RO          661    .ARM.Collect$$_printf_percent$$00000009  c_w.l(_printf_d.o)
    0x080001ea   0x00000006   Code   RO          662    .ARM.Collect$$_printf_percent$$0000000A  c_w.l(_printf_u.o)
    0x080001f0   0x00000006   Code   RO          660    .ARM.Collect$$_printf_percent$$0000000C  c_w.l(_printf_x.o)
    0x080001f6   0x00000006   Code   RO          658    .ARM.Collect$$_printf_percent$$00000013  c_w.l(_printf_c.o)
    0x080001fc   0x00000006   Code   RO          659    .ARM.Collect$$_printf_percent$$00000014  c_w.l(_printf_s.o)
    0x08000202   0x00000004   Code   RO          689    .ARM.Collect$$_printf_percent$$00000017  c_w.l(_printf_percent_end.o)
    0x08000206   0x00000002   Code   RO          727    .ARM.Collect$$libinit$$00000000  c_w.l(libinit.o)
    0x08000208   0x00000000   Code   RO          734    .ARM.Collect$$libinit$$00000002  c_w.l(libinit2.o)
    0x08000208   0x00000000   Code   RO          737    .ARM.Collect$$libinit$$00000008  c_w.l(libinit2.o)
    0x08000208   0x00000000   Code   RO          739    .ARM.Collect$$libinit$$0000000A  c_w.l(libinit2.o)
    0x08000208   0x00000000   Code   RO          741    .ARM.Collect$$libinit$$0000000C  c_w.l(libinit2.o)
    0x08000208   0x00000000   Code   RO          744    .ARM.Collect$$libinit$$0000000F  c_w.l(libinit2.o)
    0x08000208   0x00000000   Code   RO          746    .ARM.Collect$$libinit$$00000011  c_w.l(libinit2.o)
    0x08000208   0x00000000   Code   RO          748    .ARM.Collect$$libinit$$00000013  c_w.l(libinit2.o)
    0x08000208   0x00000000   Code   RO          750    .ARM.Collect$$libinit$$00000015  c_w.l(libinit2.o)
    0x08000208   0x00000000   Code   RO          752    .ARM.Collect$$libinit$$00000017  c_w.l(libinit2.o)
    0x08000208   0x00000000   Code   RO          754    .ARM.Collect$$libinit$$00000019  c_w.l(libinit2.o)
    0x08000208   0x00000000   Code   RO          756    .ARM.Collect$$libinit$$0000001B  c_w.l(libinit2.o)
    0x08000208   0x00000000   Code   RO          758    .ARM.Collect$$libinit$$0000001D  c_w.l(libinit2.o)
    0x08000208   0x00000000   Code   RO          760    .ARM.Collect$$libinit$$0000001F  c_w.l(libinit2.o)
    0x08000208   0x00000000   Code   RO          762    .ARM.Collect$$libinit$$00000021  c_w.l(libinit2.o)
    0x08000208   0x00000000   Code   RO          764    .ARM.Collect$$libinit$$00000023  c_w.l(libinit2.o)
    0x08000208   0x00000000   Code   RO          768    .ARM.Collect$$libinit$$0000002A  c_w.l(libinit2.o)
    0x08000208   0x00000000   Code   RO          770    .ARM.Collect$$libinit$$0000002C  c_w.l(libinit2.o)
    0x08000208   0x00000000   Code   RO          772    .ARM.Collect$$libinit$$0000002E  c_w.l(libinit2.o)
    0x08000208   0x00000000   Code   RO          774    .ARM.Collect$$libinit$$00000030  c_w.l(libinit2.o)
    0x08000208   0x00000002   Code   RO          775    .ARM.Collect$$libinit$$00000031  c_w.l(libinit2.o)
    0x0800020a   0x00000002   Code   RO          793    .ARM.Collect$$libshutdown$$00000000  c_w.l(libshutdown.o)
    0x0800020c   0x00000000   Code   RO          804    .ARM.Collect$$libshutdown$$00000003  c_w.l(libshutdown2.o)
    0x0800020c   0x00000000   Code   RO          807    .ARM.Collect$$libshutdown$$00000006  c_w.l(libshutdown2.o)
    0x0800020c   0x00000000   Code   RO          810    .ARM.Collect$$libshutdown$$00000009  c_w.l(libshutdown2.o)
    0x0800020c   0x00000000   Code   RO          812    .ARM.Collect$$libshutdown$$0000000B  c_w.l(libshutdown2.o)
    0x0800020c   0x00000000   Code   RO          815    .ARM.Collect$$libshutdown$$0000000E  c_w.l(libshutdown2.o)
    0x0800020c   0x00000002   Code   RO          816    .ARM.Collect$$libshutdown$$0000000F  c_w.l(libshutdown2.o)
    0x0800020e   0x00000000   Code   RO          682    .ARM.Collect$$rtentry$$00000000  c_w.l(rtentry.o)
    0x0800020e   0x00000000   Code   RO          696    .ARM.Collect$$rtentry$$00000002  c_w.l(rtentry2.o)
    0x0800020e   0x00000006   Code   RO          708    .ARM.Collect$$rtentry$$00000004  c_w.l(rtentry4.o)
    0x08000214   0x00000000   Code   RO          698    .ARM.Collect$$rtentry$$00000009  c_w.l(rtentry2.o)
    0x08000214   0x00000004   Code   RO          699    .ARM.Collect$$rtentry$$0000000A  c_w.l(rtentry2.o)
    0x08000218   0x00000000   Code   RO          701    .ARM.Collect$$rtentry$$0000000C  c_w.l(rtentry2.o)
    0x08000218   0x00000008   Code   RO          702    .ARM.Collect$$rtentry$$0000000D  c_w.l(rtentry2.o)
    0x08000220   0x00000002   Code   RO          731    .ARM.Collect$$rtexit$$00000000  c_w.l(rtexit.o)
    0x08000222   0x00000000   Code   RO          777    .ARM.Collect$$rtexit$$00000002  c_w.l(rtexit2.o)
    0x08000222   0x00000004   Code   RO          778    .ARM.Collect$$rtexit$$00000003  c_w.l(rtexit2.o)
    0x08000226   0x00000006   Code   RO          779    .ARM.Collect$$rtexit$$00000004  c_w.l(rtexit2.o)
    0x0800022c   0x00000070   Code   RO            1    .text               main.o
    0x0800029c   0x0000001a   Code   RO           78    .text               stm32f10x_it.o
    0x080002b6   0x00000002   PAD
    0x080002b8   0x000001dc   Code   RO           93    .text               system_stm32f10x.o
    0x08000494   0x0000068c   Code   RO          111    .text               lcd1602.o
    0x08000b20   0x00000248   Code   RO          124    .text               ds3231.o
    0x08000d68   0x00000390   Code   RO          149    .text               iic.o
    0x080010f8   0x0000000c   Code   RO          164    .text               sys.o
    0x08001104   0x000000d0   Code   RO          176    .text               delay.o
    0x080011d4   0x00000144   Code   RO          190    .text               usart.o
    0x08001318   0x00000040   Code   RO          227    .text               startup_stm32f10x_hd.o
    0x08001358   0x000000dc   Code   RO          231    .text               misc.o
    0x08001434   0x00000358   Code   RO          405    .text               stm32f10x_gpio.o
    0x0800178c   0x000003a4   Code   RO          462    .text               stm32f10x_rcc.o
    0x08001b30   0x00000e1a   Code   RO          521    .text               stm32f10x_tim.o
    0x0800294a   0x00000002   PAD
    0x0800294c   0x00000408   Code   RO          533    .text               stm32f10x_usart.o
    0x08002d54   0x00000c34   Code   RO          560    .text               usmart.o
    0x08003988   0x00000528   Code   RO          589    .text               usmart_str.o
    0x08003eb0   0x00000002   Code   RO          603    .text               c_w.l(use_no_semi_2.o)
    0x08003eb2   0x00000002   PAD
    0x08003eb4   0x00000018   Code   RO          607    .text               c_w.l(noretval__2printf.o)
    0x08003ecc   0x00000052   Code   RO          611    .text               c_w.l(_printf_pad.o)
    0x08003f1e   0x00000052   Code   RO          613    .text               c_w.l(_printf_str.o)
    0x08003f70   0x00000078   Code   RO          615    .text               c_w.l(_printf_dec.o)
    0x08003fe8   0x0000005c   Code   RO          620    .text               c_w.l(_printf_hex_int.o)
    0x08004044   0x0000018c   Code   RO          655    .text               c_w.l(__printf_flags_ss_wp.o)
    0x080041d0   0x00000006   Code   RO          664    .text               c_w.l(heapauxi.o)
    0x080041d6   0x00000002   Code   RO          680    .text               c_w.l(use_no_semi.o)
    0x080041d8   0x000000b8   Code   RO          683    .text               c_w.l(_printf_intcommon.o)
    0x08004290   0x0000002c   Code   RO          685    .text               c_w.l(_printf_char.o)
    0x080042bc   0x00000024   Code   RO          687    .text               c_w.l(_printf_char_file.o)
    0x080042e0   0x00000030   Code   RO          710    .text               c_w.l(_printf_char_common.o)
    0x08004310   0x00000008   Code   RO          712    .text               c_w.l(ferror.o)
    0x08004318   0x0000004a   Code   RO          716    .text               c_w.l(sys_stackheap_outer.o)
    0x08004362   0x0000000c   Code   RO          720    .text               c_w.l(exit.o)
    0x0800436e   0x00000002   PAD
    0x08004370   0x00000008   Code   RO          728    .text               c_w.l(libspace.o)
    0x08004378   0x0000000e   Code   RO          648    i._is_digit         c_w.l(__printf_wp.o)
    0x08004386   0x00000002   PAD
    0x08004388   0x0000005e   Code   RO          668    x$fpl$dfix          fz_ws.l(dfix.o)
    0x080043e6   0x00000026   Code   RO          672    x$fpl$dfltu         fz_ws.l(dflt_clz.o)
    0x0800440c   0x00000154   Code   RO          678    x$fpl$dmul          fz_ws.l(dmul.o)
    0x08004560   0x0000009c   Code   RO          690    x$fpl$dnaninf       fz_ws.l(dnaninf.o)
    0x080045fc   0x0000000c   Code   RO          692    x$fpl$dretinf       fz_ws.l(dretinf.o)
    0x08004608   0x00000000   Code   RO          694    x$fpl$usenofp       fz_ws.l(usenofp.o)
    0x08004608   0x00000028   Data   RO          621    .constdata          c_w.l(_printf_hex_int.o)
    0x08004630   0x00000011   Data   RO          656    .constdata          c_w.l(__printf_flags_ss_wp.o)
    0x08004641   0x0000001f   Data   RO          561    .conststring        usmart.o
    0x08004660   0x0000009e   Data   RO          576    .conststring        usmart_config.o
    0x080046fe   0x00000002   PAD
    0x08004700   0x00000020   Data   RO          848    Region$$Table       anon$$obj.o


    Execution Region RW_IRAM1 (Base: 0x20000000, Size: 0x000008a8, Max: 0x00008000, ABSOLUTE, COMPRESSED[0x00000070])

    Base Addr    Size         Type   Attr      Idx    E Section Name        Object

    0x20000000   0x00000014   Data   RW           94    .data               system_stm32f10x.o
    0x20000014   0x0000000a   Data   RW          112    .data               lcd1602.o
    0x2000001e   0x00000007   Data   RW          125    .data               ds3231.o
    0x20000025   0x00000001   Data   RW          150    .data               iic.o
    0x20000026   0x00000004   Data   RW          177    .data               delay.o
    0x2000002a   0x00000002   PAD
    0x2000002c   0x00000008   Data   RW          192    .data               usart.o
    0x20000034   0x00000014   Data   RW          463    .data               stm32f10x_rcc.o
    0x20000048   0x0000001c   Data   RW          562    .data               usmart.o
    0x20000064   0x0000011c   Data   RW          577    .data               usmart_config.o
    0x20000180   0x000000c8   Zero   RW          191    .bss                usart.o
    0x20000248   0x00000060   Zero   RW          729    .bss                c_w.l(libspace.o)
    0x200002a8   0x00000200   Zero   RW          225    HEAP                startup_stm32f10x_hd.o
    0x200004a8   0x00000400   Zero   RW          224    STACK               startup_stm32f10x_hd.o


==============================================================================

Image component sizes


      Code (inc. data)   RO Data    RW Data    ZI Data      Debug   Object Name

         0          0          0          0          0         32   core_cm3.o
       208         18          0          4          0        887   delay.o
       584          6          0          7          0       2504   ds3231.o
       912         10          0          1          0       3543   iic.o
      1676         86          0         10          0       6300   lcd1602.o
       112         10          0          0          0     252547   main.o
       220         20          0          0          0       1673   misc.o
        64         26        304          0       1536        732   startup_stm32f10x_hd.o
       856         40          0          0          0       5517   stm32f10x_gpio.o
        26          0          0          0          0       1134   stm32f10x_it.o
       932         44          0         20          0       8624   stm32f10x_rcc.o
      3610         88          0          0          0      22000   stm32f10x_tim.o
      1032         22          0          0          0       8244   stm32f10x_usart.o
        12          0          0          0          0        389   sys.o
       476         36          0         20          0       1595   system_stm32f10x.o
       324         16          0          8        200       2914   usart.o
      3124       1284         31         28          0       4082   usmart.o
         0          0        158        284          0       1408   usmart_config.o
      1320         12          0          0          0       4925   usmart_str.o

    ----------------------------------------------------------------------
     15492       1718        527        384       1736     329050   Object Totals
         0          0         32          0          0          0   (incl. Generated)
         4          0          2          2          0          0   (incl. Padding)

    ----------------------------------------------------------------------

      Code (inc. data)   RO Data    RW Data    ZI Data      Debug   Library Member Name

        90          0          0          0          0          0   __dczerorl2.o
         8          0          0          0          0         68   __main.o
       396          6         17          0          0         92   __printf_flags_ss_wp.o
        14          0          0          0          0         68   __printf_wp.o
        52          8          0          0          0          0   __scatter.o
        28          0          0          0          0          0   __scatter_zi.o
         6          0          0          0          0          0   _printf_c.o
        44          0          0          0          0        108   _printf_char.o
        48          6          0          0          0         96   _printf_char_common.o
        36          4          0          0          0         80   _printf_char_file.o
         6          0          0          0          0          0   _printf_d.o
       120         18          0          0          0         92   _printf_dec.o
        92          4         40          0          0         88   _printf_hex_int.o
       184          0          0          0          0         88   _printf_intcommon.o
        82          0          0          0          0        108   _printf_pad.o
         0          0          0          0          0          0   _printf_percent.o
         4          0          0          0          0          0   _printf_percent_end.o
         6          0          0          0          0          0   _printf_s.o
        82          0          0          0          0         80   _printf_str.o
         6          0          0          0          0          0   _printf_u.o
         6          0          0          0          0          0   _printf_x.o
        12          0          0          0          0         72   exit.o
         8          0          0          0          0         68   ferror.o
         6          0          0          0          0        152   heapauxi.o
         2          0          0          0          0          0   libinit.o
         2          0          0          0          0          0   libinit2.o
         2          0          0          0          0          0   libshutdown.o
         2          0          0          0          0          0   libshutdown2.o
         8          4          0          0         96         68   libspace.o
        24          4          0          0          0         84   noretval__2printf.o
         0          0          0          0          0          0   rtentry.o
        12          0          0          0          0          0   rtentry2.o
         6          0          0          0          0          0   rtentry4.o
         2          0          0          0          0          0   rtexit.o
        10          0          0          0          0          0   rtexit2.o
        74          0          0          0          0         80   sys_stackheap_outer.o
         2          0          0          0          0         68   use_no_semi.o
         2          0          0          0          0         68   use_no_semi_2.o
        94          4          0          0          0         92   dfix.o
        38          0          0          0          0         68   dflt_clz.o
       340         12          0          0          0        104   dmul.o
       156          4          0          0          0         92   dnaninf.o
        12          0          0          0          0         68   dretinf.o
         0          0          0          0          0          0   usenofp.o

    ----------------------------------------------------------------------
      2132         74         57          0         96       2052   Library Totals
         8          0          0          0          0          0   (incl. Padding)

    ----------------------------------------------------------------------

      Code (inc. data)   RO Data    RW Data    ZI Data      Debug   Library Name

      1484         54         57          0         96       1628   c_w.l
       640         20          0          0          0        424   fz_ws.l

    ----------------------------------------------------------------------
      2132         74         57          0         96       2052   Library Totals

    ----------------------------------------------------------------------

==============================================================================


      Code (inc. data)   RO Data    RW Data    ZI Data      Debug   

     17624       1792        584        384       1832     328502   Grand Totals
     17624       1792        584        112       1832     328502   ELF Image Totals (compressed)
     17624       1792        584        112          0          0   ROM Totals

==============================================================================

    Total RO  Size (Code + RO Data)                18208 (  17.78kB)
    Total RW  Size (RW Data + ZI Data)              2216 (   2.16kB)
    Total ROM Size (Code + RO Data + RW Data)      18320 (  17.89kB)

==============================================================================

